Component: ARM Compiler 5.06 update 7 (build 960) Tool: armlink [4d3601]

==============================================================================

Section Cross References

    startup_stm32f40_41xxx.o(STACK) refers (Special) to heapauxi.o(.text) for __use_two_region_memory
    startup_stm32f40_41xxx.o(HEAP) refers (Special) to heapauxi.o(.text) for __use_two_region_memory
    startup_stm32f40_41xxx.o(RESET) refers (Special) to heapauxi.o(.text) for __use_two_region_memory
    startup_stm32f40_41xxx.o(RESET) refers to startup_stm32f40_41xxx.o(STACK) for __initial_sp
    startup_stm32f40_41xxx.o(RESET) refers to startup_stm32f40_41xxx.o(.text) for Reset_Handler
    startup_stm32f40_41xxx.o(RESET) refers to stm32f4xx_it.o(i.NMI_Handler) for NMI_Handler
    startup_stm32f40_41xxx.o(RESET) refers to stm32f4xx_it.o(i.HardFault_Handler) for HardFault_Handler
    startup_stm32f40_41xxx.o(RESET) refers to stm32f4xx_it.o(i.MemManage_Handler) for MemManage_Handler
    startup_stm32f40_41xxx.o(RESET) refers to stm32f4xx_it.o(i.BusFault_Handler) for BusFault_Handler
    startup_stm32f40_41xxx.o(RESET) refers to stm32f4xx_it.o(i.UsageFault_Handler) for UsageFault_Handler
    startup_stm32f40_41xxx.o(RESET) refers to stm32f4xx_it.o(i.SVC_Handler) for SVC_Handler
    startup_stm32f40_41xxx.o(RESET) refers to stm32f4xx_it.o(i.DebugMon_Handler) for DebugMon_Handler
    startup_stm32f40_41xxx.o(RESET) refers to stm32f4xx_it.o(i.PendSV_Handler) for PendSV_Handler
    startup_stm32f40_41xxx.o(RESET) refers to stm32f4xx_it.o(i.SysTick_Handler) for SysTick_Handler
    startup_stm32f40_41xxx.o(RESET) refers to encoder.o(i.TIM8_UP_TIM13_IRQHandler) for TIM8_UP_TIM13_IRQHandler
    startup_stm32f40_41xxx.o(RESET) refers to encoder.o(i.TIM5_IRQHandler) for TIM5_IRQHandler
    startup_stm32f40_41xxx.o(RESET) refers to main.o(i.TIM6_DAC_IRQHandler) for TIM6_DAC_IRQHandler
    startup_stm32f40_41xxx.o(.text) refers (Special) to heapauxi.o(.text) for __use_two_region_memory
    startup_stm32f40_41xxx.o(.text) refers to system_stm32f4xx.o(i.SystemInit) for SystemInit
    startup_stm32f40_41xxx.o(.text) refers to __main.o(!!!main) for __main
    startup_stm32f40_41xxx.o(.text) refers to startup_stm32f40_41xxx.o(HEAP) for Heap_Mem
    startup_stm32f40_41xxx.o(.text) refers to startup_stm32f40_41xxx.o(STACK) for Stack_Mem
    stm32f4xx_adc.o(i.ADC_DeInit) refers to stm32f4xx_rcc.o(i.RCC_APB2PeriphResetCmd) for RCC_APB2PeriphResetCmd
    stm32f4xx_can.o(i.CAN_DeInit) refers to stm32f4xx_rcc.o(i.RCC_APB1PeriphResetCmd) for RCC_APB1PeriphResetCmd
    stm32f4xx_can.o(i.CAN_GetITStatus) refers to stm32f4xx_can.o(i.CheckITStatus) for CheckITStatus
    stm32f4xx_cryp.o(i.CRYP_DeInit) refers to stm32f4xx_rcc.o(i.RCC_AHB2PeriphResetCmd) for RCC_AHB2PeriphResetCmd
    stm32f4xx_cryp_aes.o(i.CRYP_AES_CBC) refers to stm32f4xx_cryp.o(i.CRYP_KeyStructInit) for CRYP_KeyStructInit
    stm32f4xx_cryp_aes.o(i.CRYP_AES_CBC) refers to stm32f4xx_cryp.o(i.CRYP_FIFOFlush) for CRYP_FIFOFlush
    stm32f4xx_cryp_aes.o(i.CRYP_AES_CBC) refers to stm32f4xx_cryp.o(i.CRYP_Init) for CRYP_Init
    stm32f4xx_cryp_aes.o(i.CRYP_AES_CBC) refers to stm32f4xx_cryp.o(i.CRYP_KeyInit) for CRYP_KeyInit
    stm32f4xx_cryp_aes.o(i.CRYP_AES_CBC) refers to stm32f4xx_cryp.o(i.CRYP_Cmd) for CRYP_Cmd
    stm32f4xx_cryp_aes.o(i.CRYP_AES_CBC) refers to stm32f4xx_cryp.o(i.CRYP_GetFlagStatus) for CRYP_GetFlagStatus
    stm32f4xx_cryp_aes.o(i.CRYP_AES_CBC) refers to stm32f4xx_cryp.o(i.CRYP_IVInit) for CRYP_IVInit
    stm32f4xx_cryp_aes.o(i.CRYP_AES_CBC) refers to stm32f4xx_cryp.o(i.CRYP_GetCmdStatus) for CRYP_GetCmdStatus
    stm32f4xx_cryp_aes.o(i.CRYP_AES_CBC) refers to stm32f4xx_cryp.o(i.CRYP_DataIn) for CRYP_DataIn
    stm32f4xx_cryp_aes.o(i.CRYP_AES_CBC) refers to stm32f4xx_cryp.o(i.CRYP_DataOut) for CRYP_DataOut
    stm32f4xx_cryp_aes.o(i.CRYP_AES_CCM) refers to stm32f4xx_cryp.o(i.CRYP_KeyStructInit) for CRYP_KeyStructInit
    stm32f4xx_cryp_aes.o(i.CRYP_AES_CCM) refers to stm32f4xx_cryp.o(i.CRYP_FIFOFlush) for CRYP_FIFOFlush
    stm32f4xx_cryp_aes.o(i.CRYP_AES_CCM) refers to stm32f4xx_cryp.o(i.CRYP_KeyInit) for CRYP_KeyInit
    stm32f4xx_cryp_aes.o(i.CRYP_AES_CCM) refers to stm32f4xx_cryp.o(i.CRYP_IVInit) for CRYP_IVInit
    stm32f4xx_cryp_aes.o(i.CRYP_AES_CCM) refers to stm32f4xx_cryp.o(i.CRYP_Init) for CRYP_Init
    stm32f4xx_cryp_aes.o(i.CRYP_AES_CCM) refers to stm32f4xx_cryp.o(i.CRYP_PhaseConfig) for CRYP_PhaseConfig
    stm32f4xx_cryp_aes.o(i.CRYP_AES_CCM) refers to stm32f4xx_cryp.o(i.CRYP_DataIn) for CRYP_DataIn
    stm32f4xx_cryp_aes.o(i.CRYP_AES_CCM) refers to stm32f4xx_cryp.o(i.CRYP_Cmd) for CRYP_Cmd
    stm32f4xx_cryp_aes.o(i.CRYP_AES_CCM) refers to stm32f4xx_cryp.o(i.CRYP_GetCmdStatus) for CRYP_GetCmdStatus
    stm32f4xx_cryp_aes.o(i.CRYP_AES_CCM) refers to stm32f4xx_cryp.o(i.CRYP_GetFlagStatus) for CRYP_GetFlagStatus
    stm32f4xx_cryp_aes.o(i.CRYP_AES_CCM) refers to stm32f4xx_cryp.o(i.CRYP_DataOut) for CRYP_DataOut
[...]
    ../clib/printf_percent.s                 0x00000000   Number         0  _printf_ls.o ABSOLUTE
    ../clib/printf_percent.s                 0x00000000   Number         0  _printf_a.o ABSOLUTE
    ../clib/printf_percent.s                 0x00000000   Number         0  _printf_lli.o ABSOLUTE
    ../clib/signal.c                         0x00000000   Number         0  __raise.o ABSOLUTE
    ../clib/signal.c                         0x00000000   Number         0  defsig_rtmem_inner.o ABSOLUTE
    ../clib/signal.c                         0x00000000   Number         0  defsig_exit.o ABSOLUTE
    ../clib/signal.c                         0x00000000   Number         0  defsig_rtmem_formal.o ABSOLUTE
    ../clib/signal.c                         0x00000000   Number         0  defsig_other.o ABSOLUTE
    ../clib/signal.c                         0x00000000   Number         0  defsig_rtmem_outer.o ABSOLUTE
    ../clib/signal.c                         0x00000000   Number         0  defsig_general.o ABSOLUTE
    ../clib/signal.c                         0x00000000   Number         0  defsig_segv_inner.o ABSOLUTE
    ../clib/signal.c                         0x00000000   Number         0  defsig_cppl_inner.o ABSOLUTE
    ../clib/signal.c                         0x00000000   Number         0  defsig_pvfn_inner.o ABSOLUTE
    ../clib/signal.c                         0x00000000   Number         0  defsig_stak_inner.o ABSOLUTE
    ../clib/signal.c                         0x00000000   Number         0  defsig_rtred_inner.o ABSOLUTE
    ../clib/signal.c                         0x00000000   Number         0  defsig_fpe_inner.o ABSOLUTE
    ../clib/signal.c                         0x00000000   Number         0  defsig_abrt_inner.o ABSOLUTE
    ../clib/signal.s                         0x00000000   Number         0  defsig.o ABSOLUTE
    ../clib/stdlib.c                         0x00000000   Number         0  exit.o ABSOLUTE
    ../fplib/basic.s                         0x00000000   Number         0  basic.o ABSOLUTE
    ../fplib/d2f.s                           0x00000000   Number         0  d2f.o ABSOLUTE
    ../fplib/daddsub.s                       0x00000000   Number         0  daddsub_clz.o ABSOLUTE
    ../fplib/dcmpi.s                         0x00000000   Number         0  dcmpi.o ABSOLUTE
    ../fplib/ddiv.s                          0x00000000   Number         0  ddiv.o ABSOLUTE
    ../fplib/deqf.s                          0x00000000   Number         0  deqf.o ABSOLUTE
    ../fplib/dfix.s                          0x00000000   Number         0  dfix.o ABSOLUTE
    ../fplib/dfixu.s                         0x00000000   Number         0  dfixu.o ABSOLUTE
    ../fplib/dflt.s                          0x00000000   Number         0  dflt_clz.o ABSOLUTE
    ../fplib/dleqf.s                         0x00000000   Number         0  dleqf.o ABSOLUTE
    ../fplib/dmul.s                          0x00000000   Number         0  dmul.o ABSOLUTE
    ../fplib/dnaninf.s                       0x00000000   Number         0  dnaninf.o ABSOLUTE
    ../fplib/dretinf.s                       0x00000000   Number         0  dretinf.o ABSOLUTE
    ../fplib/drleqf.s                        0x00000000   Number         0  drleqf.o ABSOLUTE
    ../fplib/f2d.s                           0x00000000   Number         0  f2d.o ABSOLUTE
    ../fplib/fnaninf.s                       0x00000000   Number         0  fnaninf.o ABSOLUTE
    ../fplib/fpinit.s                        0x00000000   Number         0  fpinit.o ABSOLUTE
    ../fplib/fretinf.s                       0x00000000   Number         0  fretinf.o ABSOLUTE
    ../fplib/istatus.s                       0x00000000   Number         0  istatus.o ABSOLUTE
    ../fplib/printf1.s                       0x00000000   Number         0  printf1.o ABSOLUTE
    ../fplib/printf2.s                       0x00000000   Number         0  printf2.o ABSOLUTE
    ../fplib/printf2a.s                      0x00000000   Number         0  printf2a.o ABSOLUTE
    ../fplib/printf2b.s                      0x00000000   Number         0  printf2b.o ABSOLUTE
    ../fplib/usenofp.s                       0x00000000   Number         0  usenofp.o ABSOLUTE
    ../mathlib/atan.c                        0x00000000   Number         0  atan.o ABSOLUTE
    ../mathlib/atan.c                        0x00000000   Number         0  atan_x.o ABSOLUTE
    ../mathlib/atan2.c                       0x00000000   Number         0  atan2.o ABSOLUTE
    ../mathlib/atan2.c                       0x00000000   Number         0  atan2_x.o ABSOLUTE
    ../mathlib/dunder.c                      0x00000000   Number         0  dunder.o ABSOLUTE
    ../mathlib/fabs.c                        0x00000000   Number         0  fabs.o ABSOLUTE
    ../mathlib/fpclassify.c                  0x00000000   Number         0  fpclassify.o ABSOLUTE
    ../mathlib/poly.c                        0x00000000   Number         0  poly.o ABSOLUTE
    ../mathlib/qnan.c                        0x00000000   Number         0  qnan.o ABSOLUTE
    Hardware\DELAY\Delay.c                   0x00000000   Number         0  delay.o ABSOLUTE
    Hardware\ENCODER\ENCODER.c               0x00000000   Number         0  encoder.o ABSOLUTE
    Hardware\KEY\Key.c                       0x00000000   Number         0  key.o ABSOLUTE
    Hardware\LED\LED.c                       0x00000000   Number         0  led.o ABSOLUTE
    Hardware\MOTOR\Motor.c                   0x00000000   Number         0  motor.o ABSOLUTE
    Hardware\NRF24L01\NRF24L01.c             0x00000000   Number         0  nrf24l01.o ABSOLUTE
    Hardware\OLED\OLED.c                     0x00000000   Number         0  oled.o ABSOLUTE
    Hardware\OLED\OLED_Data.c                0x00000000   Number         0  oled_data.o ABSOLUTE
    Hardware\PWM\PWM.c                       0x00000000   Number         0  pwm.o ABSOLUTE
    Hardware\Timer.c                         0x00000000   Number         0  timer.o ABSOLUTE
    Hardware\\DELAY\\Delay.c                 0x00000000   Number         0  delay.o ABSOLUTE
    Hardware\\ENCODER\\ENCODER.c             0x00000000   Number         0  encoder.o ABSOLUTE
    Hardware\\KEY\\Key.c                     0x00000000   Number         0  key.o ABSOLUTE
    Hardware\\LED\\LED.c                     0x00000000   Number         0  led.o ABSOLUTE
    Hardware\\MOTOR\\Motor.c                 0x00000000   Number         0  motor.o ABSOLUTE
    Hardware\\NRF24L01\\NRF24L01.c           0x00000000   Number         0  nrf24l01.o ABSOLUTE
    Hardware\\OLED\\OLED.c                   0x00000000   Number         0  oled.o ABSOLUTE
    Hardware\\PWM\\PWM.c                     0x00000000   Number         0  pwm.o ABSOLUTE
    Hardware\\Timer.c                        0x00000000   Number         0  timer.o ABSOLUTE
    Library\\misc.c                          0x00000000   Number         0  misc.o ABSOLUTE
    Library\\stm32f4xx_adc.c                 0x00000000   Number         0  stm32f4xx_adc.o ABSOLUTE
    Library\\stm32f4xx_can.c                 0x00000000   Number         0  stm32f4xx_can.o ABSOLUTE
    Library\\stm32f4xx_cec.c                 0x00000000   Number         0  stm32f4xx_cec.o ABSOLUTE
    Library\\stm32f4xx_crc.c                 0x00000000   Number         0  stm32f4xx_crc.o ABSOLUTE
    Library\\stm32f4xx_cryp.c                0x00000000   Number         0  stm32f4xx_cryp.o ABSOLUTE
    Library\\stm32f4xx_cryp_aes.c            0x00000000   Number         0  stm32f4xx_cryp_aes.o ABSOLUTE
    Library\\stm32f4xx_cryp_des.c            0x00000000   Number         0  stm32f4xx_cryp_des.o ABSOLUTE
    Library\\stm32f4xx_cryp_tdes.c           0x00000000   Number         0  stm32f4xx_cryp_tdes.o ABSOLUTE
    Library\\stm32f4xx_dac.c                 0x00000000   Number         0  stm32f4xx_dac.o ABSOLUTE
    Library\\stm32f4xx_dbgmcu.c              0x00000000   Number         0  stm32f4xx_dbgmcu.o ABSOLUTE
    Library\\stm32f4xx_dcmi.c                0x00000000   Number         0  stm32f4xx_dcmi.o ABSOLUTE
    Library\\stm32f4xx_dfsdm.c               0x00000000   Number         0  stm32f4xx_dfsdm.o ABSOLUTE
    Library\\stm32f4xx_dma.c                 0x00000000   Number         0  stm32f4xx_dma.o ABSOLUTE
    Library\\stm32f4xx_dma2d.c               0x00000000   Number         0  stm32f4xx_dma2d.o ABSOLUTE
    Library\\stm32f4xx_dsi.c                 0x00000000   Number         0  stm32f4xx_dsi.o ABSOLUTE
    Library\\stm32f4xx_exti.c                0x00000000   Number         0  stm32f4xx_exti.o ABSOLUTE
    Library\\stm32f4xx_flash.c               0x00000000   Number         0  stm32f4xx_flash.o ABSOLUTE
    Library\\stm32f4xx_flash_ramfunc.c       0x00000000   Number         0  stm32f4xx_flash_ramfunc.o ABSOLUTE
    Library\\stm32f4xx_fmpi2c.c              0x00000000   Number         0  stm32f4xx_fmpi2c.o ABSOLUTE
    Library\\stm32f4xx_fsmc.c                0x00000000   Number         0  stm32f4xx_fsmc.o ABSOLUTE
    Library\\stm32f4xx_gpio.c                0x00000000   Number         0  stm32f4xx_gpio.o ABSOLUTE
    Library\\stm32f4xx_hash.c                0x00000000   Number         0  stm32f4xx_hash.o ABSOLUTE
    Library\\stm32f4xx_hash_md5.c            0x00000000   Number         0  stm32f4xx_hash_md5.o ABSOLUTE
    Library\\stm32f4xx_hash_sha1.c           0x00000000   Number         0  stm32f4xx_hash_sha1.o ABSOLUTE
    Library\\stm32f4xx_i2c.c                 0x00000000   Number         0  stm32f4xx_i2c.o ABSOLUTE
    Library\\stm32f4xx_iwdg.c                0x00000000   Number         0  stm32f4xx_iwdg.o ABSOLUTE
    Library\\stm32f4xx_lptim.c               0x00000000   Number         0  stm32f4xx_lptim.o ABSOLUTE
    Library\\stm32f4xx_ltdc.c                0x00000000   Number         0  stm32f4xx_ltdc.o ABSOLUTE
    Library\\stm32f4xx_pwr.c                 0x00000000   Number         0  stm32f4xx_pwr.o ABSOLUTE
    Library\\stm32f4xx_qspi.c                0x00000000   Number         0  stm32f4xx_qspi.o ABSOLUTE
    Library\\stm32f4xx_rcc.c                 0x00000000   Number         0  stm32f4xx_rcc.o ABSOLUTE
    Library\\stm32f4xx_rng.c                 0x00000000   Number         0  stm32f4xx_rng.o ABSOLUTE
    Library\\stm32f4xx_rtc.c                 0x00000000   Number         0  stm32f4xx_rtc.o ABSOLUTE
    Library\\stm32f4xx_sai.c                 0x00000000   Number         0  stm32f4xx_sai.o ABSOLUTE
    Library\\stm32f4xx_sdio.c                0x00000000   Number         0  stm32f4xx_sdio.o ABSOLUTE
    Library\\stm32f4xx_spdifrx.c             0x00000000   Number         0  stm32f4xx_spdifrx.o ABSOLUTE
    Library\\stm32f4xx_spi.c                 0x00000000   Number         0  stm32f4xx_spi.o ABSOLUTE
    Library\\stm32f4xx_syscfg.c              0x00000000   Number         0  stm32f4xx_syscfg.o ABSOLUTE
    Library\\stm32f4xx_tim.c                 0x00000000   Number         0  stm32f4xx_tim.o ABSOLUTE
    Library\\stm32f4xx_usart.c               0x00000000   Number         0  stm32f4xx_usart.o ABSOLUTE
    Library\\stm32f4xx_wwdg.c                0x00000000   Number         0  stm32f4xx_wwdg.o ABSOLUTE
    Library\misc.c                           0x00000000   Number         0  misc.o ABSOLUTE
    Library\stm32f4xx_adc.c                  0x00000000   Number         0  stm32f4xx_adc.o ABSOLUTE
    Library\stm32f4xx_can.c                  0x00000000   Number         0  stm32f4xx_can.o ABSOLUTE
    Library\stm32f4xx_cec.c                  0x00000000   Number         0  stm32f4xx_cec.o ABSOLUTE
    Library\stm32f4xx_crc.c                  0x00000000   Number         0  stm32f4xx_crc.o ABSOLUTE
    Library\stm32f4xx_cryp.c                 0x00000000   Number         0  stm32f4xx_cryp.o ABSOLUTE
    Library\stm32f4xx_cryp_aes.c             0x00000000   Number         0  stm32f4xx_cryp_aes.o ABSOLUTE
    Library\stm32f4xx_cryp_des.c             0x00000000   Number         0  stm32f4xx_cryp_des.o ABSOLUTE
    Library\stm32f4xx_cryp_tdes.c            0x00000000   Number         0  stm32f4xx_cryp_tdes.o ABSOLUTE
    Library\stm32f4xx_dac.c                  0x00000000   Number         0  stm32f4xx_dac.o ABSOLUTE
    Library\stm32f4xx_dbgmcu.c               0x00000000   Number         0  stm32f4xx_dbgmcu.o ABSOLUTE
    Library\stm32f4xx_dcmi.c                 0x00000000   Number         0  stm32f4xx_dcmi.o ABSOLUTE
    Library\stm32f4xx_dfsdm.c                0x00000000   Number         0  stm32f4xx_dfsdm.o ABSOLUTE
    Library\stm32f4xx_dma.c                  0x00000000   Number         0  stm32f4xx_dma.o ABSOLUTE
    Library\stm32f4xx_dma2d.c                0x00000000   Number         0  stm32f4xx_dma2d.o ABSOLUTE
    Library\stm32f4xx_dsi.c                  0x00000000   Number         0  stm32f4xx_dsi.o ABSOLUTE
    Library\stm32f4xx_exti.c                 0x00000000   Number         0  stm32f4xx_exti.o ABSOLUTE
    Library\stm32f4xx_flash.c                0x00000000   Number         0  stm32f4xx_flash.o ABSOLUTE
    Library\stm32f4xx_flash_ramfunc.c        0x00000000   Number         0  stm32f4xx_flash_ramfunc.o ABSOLUTE
    Library\stm32f4xx_fmpi2c.c               0x00000000   Number         0  stm32f4xx_fmpi2c.o ABSOLUTE
    Library\stm32f4xx_fsmc.c                 0x00000000   Number         0  stm32f4xx_fsmc.o ABSOLUTE
    Library\stm32f4xx_gpio.c                 0x00000000   Number         0  stm32f4xx_gpio.o ABSOLUTE
    Library\stm32f4xx_hash.c                 0x00000000   Number         0  stm32f4xx_hash.o ABSOLUTE
    Library\stm32f4xx_hash_md5.c             0x00000000   Number         0  stm32f4xx_hash_md5.o ABSOLUTE
    Library\stm32f4xx_hash_sha1.c            0x00000000   Number         0  stm32f4xx_hash_sha1.o ABSOLUTE
    Library\stm32f4xx_i2c.c                  0x00000000   Number         0  stm32f4xx_i2c.o ABSOLUTE
    Library\stm32f4xx_iwdg.c                 0x00000000   Number         0  stm32f4xx_iwdg.o ABSOLUTE
    Library\stm32f4xx_lptim.c                0x00000000   Number         0  stm32f4xx_lptim.o ABSOLUTE
    Library\stm32f4xx_ltdc.c                 0x00000000   Number         0  stm32f4xx_ltdc.o ABSOLUTE
    Library\stm32f4xx_pwr.c                  0x00000000   Number         0  stm32f4xx_pwr.o ABSOLUTE
    Library\stm32f4xx_qspi.c                 0x00000000   Number         0  stm32f4xx_qspi.o ABSOLUTE
    Library\stm32f4xx_rcc.c                  0x00000000   Number         0  stm32f4xx_rcc.o ABSOLUTE
    Library\stm32f4xx_rng.c                  0x00000000   Number         0  stm32f4xx_rng.o ABSOLUTE
    Library\stm32f4xx_rtc.c                  0x00000000   Number         0  stm32f4xx_rtc.o ABSOLUTE
    Library\stm32f4xx_sai.c                  0x00000000   Number         0  stm32f4xx_sai.o ABSOLUTE
    Library\stm32f4xx_sdio.c                 0x00000000   Number         0  stm32f4xx_sdio.o ABSOLUTE
    Library\stm32f4xx_spdifrx.c              0x00000000   Number         0  stm32f4xx_spdifrx.o ABSOLUTE
    Library\stm32f4xx_spi.c                  0x00000000   Number         0  stm32f4xx_spi.o ABSOLUTE
    Library\stm32f4xx_syscfg.c               0x00000000   Number         0  stm32f4xx_syscfg.o ABSOLUTE
    Library\stm32f4xx_tim.c                  0x00000000   Number         0  stm32f4xx_tim.o ABSOLUTE
    Library\stm32f4xx_usart.c                0x00000000   Number         0  stm32f4xx_usart.o ABSOLUTE
    Library\stm32f4xx_wwdg.c                 0x00000000   Number         0  stm32f4xx_wwdg.o ABSOLUTE
    Start\startup_stm32f40_41xxx.s           0x00000000   Number         0  startup_stm32f40_41xxx.o ABSOLUTE
    User\\main.c                             0x00000000   Number         0  main.o ABSOLUTE
    User\\stm32f4xx_it.c                     0x00000000   Number         0  stm32f4xx_it.o ABSOLUTE
    User\\system_stm32f4xx.c                 0x00000000   Number         0  system_stm32f4xx.o ABSOLUTE
    User\main.c                              0x00000000   Number         0  main.o ABSOLUTE
    User\stm32f4xx_it.c                      0x00000000   Number         0  stm32f4xx_it.o ABSOLUTE
    User\system_stm32f4xx.c                  0x00000000   Number         0  system_stm32f4xx.o ABSOLUTE
    dc.s                                     0x00000000   Number         0  dc.o ABSOLUTE
    RESET                                    0x08000000   Section      392  startup_stm32f40_41xxx.o(RESET)
    !!!main                                  0x08000188   Section        8  __main.o(!!!main)
    !!!scatter                               0x08000190   Section       52  __scatter.o(!!!scatter)
    !!handler_copy                           0x080001c4   Section       26  __scatter_copy.o(!!handler_copy)
    !!handler_zi                             0x080001e0   Section       28  __scatter_zi.o(!!handler_zi)
    .ARM.Collect$$libinit$$00000000          0x080001fc   Section        2  libinit.o(.ARM.Collect$$libinit$$00000000)
    .ARM.Collect$$libinit$$00000001          0x080001fe   Section        4  libinit2.o(.ARM.Collect$$libinit$$00000001)
    .ARM.Collect$$libinit$$00000004          0x08000202   Section        0  libinit2.o(.ARM.Collect$$libinit$$00000004)
    .ARM.Collect$$libinit$$0000000A          0x08000202   Section        0  libinit2.o(.ARM.Collect$$libinit$$0000000A)
    .ARM.Collect$$libinit$$0000000C          0x08000202   Section        0  libinit2.o(.ARM.Collect$$libinit$$0000000C)
    .ARM.Collect$$libinit$$0000000E          0x08000202   Section        0  libinit2.o(.ARM.Collect$$libinit$$0000000E)
    .ARM.Collect$$libinit$$00000011          0x08000202   Section        0  libinit2.o(.ARM.Collect$$libinit$$00000011)
    .ARM.Collect$$libinit$$00000013          0x08000202   Section        0  libinit2.o(.ARM.Collect$$libinit$$00000013)
    .ARM.Collect$$libinit$$00000015          0x08000202   Section        0  libinit2.o(.ARM.Collect$$libinit$$00000015)
    .ARM.Collect$$libinit$$00000017          0x08000202   Section        0  libinit2.o(.ARM.Collect$$libinit$$00000017)
    .ARM.Collect$$libinit$$00000019          0x08000202   Section        0  libinit2.o(.ARM.Collect$$libinit$$00000019)
    .ARM.Collect$$libinit$$0000001B          0x08000202   Section        0  libinit2.o(.ARM.Collect$$libinit$$0000001B)
    .ARM.Collect$$libinit$$0000001D          0x08000202   Section        0  libinit2.o(.ARM.Collect$$libinit$$0000001D)
    .ARM.Collect$$libinit$$0000001F          0x08000202   Section        0  libinit2.o(.ARM.Collect$$libinit$$0000001F)
    .ARM.Collect$$libinit$$00000021          0x08000202   Section        0  libinit2.o(.ARM.Collect$$libinit$$00000021)
    .ARM.Collect$$libinit$$00000023          0x08000202   Section        0  libinit2.o(.ARM.Collect$$libinit$$00000023)
    .ARM.Collect$$libinit$$00000025          0x08000202   Section        0  libinit2.o(.ARM.Collect$$libinit$$00000025)
    .ARM.Collect$$libinit$$0000002C          0x08000202   Section        0  libinit2.o(.ARM.Collect$$libinit$$0000002C)
    .ARM.Collect$$libinit$$0000002E          0x08000202   Section        0  libinit2.o(.ARM.Collect$$libinit$$0000002E)
    .ARM.Collect$$libinit$$00000030          0x08000202   Section        0  libinit2.o(.ARM.Collect$$libinit$$00000030)
    .ARM.Collect$$libinit$$00000032          0x08000202   Section        0  libinit2.o(.ARM.Collect$$libinit$$00000032)
    .ARM.Collect$$libinit$$00000033          0x08000202   Section        2  libinit2.o(.ARM.Collect$$libinit$$00000033)
    .ARM.Collect$$libshutdown$$00000000      0x08000204   Section        2  libshutdown.o(.ARM.Collect$$libshutdown$$00000000)
    .ARM.Collect$$libshutdown$$00000002      0x08000206   Section        0  libshutdown2.o(.ARM.Collect$$libshutdown$$00000002)
    .ARM.Collect$$libshutdown$$00000004      0x08000206   Section        0  libshutdown2.o(.ARM.Collect$$libshutdown$$00000004)
    .ARM.Collect$$libshutdown$$00000006      0x08000206   Section        0  libshutdown2.o(.ARM.Collect$$libshutdown$$00000006)
    .ARM.Collect$$libshutdown$$00000009      0x08000206   Section        0  libshutdown2.o(.ARM.Collect$$libshutdown$$00000009)
    .ARM.Collect$$libshutdown$$0000000C      0x08000206   Section        0  libshutdown2.o(.ARM.Collect$$libshutdown$$0000000C)
    .ARM.Collect$$libshutdown$$0000000E      0x08000206   Section        0  libshutdown2.o(.ARM.Collect$$libshutdown$$0000000E)
    .ARM.Collect$$libshutdown$$00000011      0x08000206   Section        0  libshutdown2.o(.ARM.Collect$$libshutdown$$00000011)
    .ARM.Collect$$libshutdown$$00000012      0x08000206   Section        2  libshutdown2.o(.ARM.Collect$$libshutdown$$00000012)
    .ARM.Collect$$rtentry$$00000000          0x08000208   Section        0  __rtentry.o(.ARM.Collect$$rtentry$$00000000)
    .ARM.Collect$$rtentry$$00000002          0x08000208   Section        0  __rtentry2.o(.ARM.Collect$$rtentry$$00000002)
    .ARM.Collect$$rtentry$$00000004          0x08000208   Section        6  __rtentry4.o(.ARM.Collect$$rtentry$$00000004)
    .ARM.Collect$$rtentry$$00000009          0x0800020e   Section        0  __rtentry2.o(.ARM.Collect$$rtentry$$00000009)
    .ARM.Collect$$rtentry$$0000000A          0x0800020e   Section        4  __rtentry2.o(.ARM.Collect$$rtentry$$0000000A)
    .ARM.Collect$$rtentry$$0000000C          0x08000212   Section        0  __rtentry2.o(.ARM.Collect$$rtentry$$0000000C)
    .ARM.Collect$$rtentry$$0000000D          0x08000212   Section        8  __rtentry2.o(.ARM.Collect$$rtentry$$0000000D)
    .ARM.Collect$$rtexit$$00000000           0x0800021a   Section        2  rtexit.o(.ARM.Collect$$rtexit$$00000000)
    .ARM.Collect$$rtexit$$00000002           0x0800021c   Section        0  rtexit2.o(.ARM.Collect$$rtexit$$00000002)
    .ARM.Collect$$rtexit$$00000003           0x0800021c   Section        4  rtexit2.o(.ARM.Collect$$rtexit$$00000003)
    .ARM.Collect$$rtexit$$00000004           0x08000220   Section        6  rtexit2.o(.ARM.Collect$$rtexit$$00000004)
    .text                                    0x08000228   Section       64  startup_stm32f40_41xxx.o(.text)
    $v0                                      0x08000228   Number         0  startup_stm32f40_41xxx.o(.text)
    .text                                    0x08000268   Section        0  heapauxi.o(.text)
    .text                                    0x08000270   Section        8  libspace.o(.text)
    .text                                    0x08000278   Section       74  sys_stackheap_outer.o(.text)
    .text                                    0x080002c2   Section        0  exit.o(.text)
    .text                                    0x080002d4   Section        0  sys_exit.o(.text)
    .text                                    0x080002e0   Section        2  use_no_semi.o(.text)
    .text                                    0x080002e2   Section        0  indicate_semi.o(.text)
    i.BusFault_Handler                       0x080002e2   Section        0  stm32f4xx_it.o(i.BusFault_Handler)
    i.DebugMon_Handler                       0x080002e6   Section        0  stm32f4xx_it.o(i.DebugMon_Handler)
    i.Delay_Init                             0x080002e8   Section        0  delay.o(i.Delay_Init)
    i.Encoder_TIM5_Init                      0x080002f4   Section        0  encoder.o(i.Encoder_TIM5_Init)
    i.Encoder_TIM8_Init                      0x080003b0   Section        0  encoder.o(i.Encoder_TIM8_Init)
    i.GPIO_Init                              0x0800046c   Section        0  stm32f4xx_gpio.o(i.GPIO_Init)
    i.GPIO_PinAFConfig                       0x080004fc   Section        0  stm32f4xx_gpio.o(i.GPIO_PinAFConfig)
    i.GPIO_ResetBits                         0x08000542   Section        0  stm32f4xx_gpio.o(i.GPIO_ResetBits)
    i.GPIO_SetBits                           0x08000548   Section        0  stm32f4xx_gpio.o(i.GPIO_SetBits)
    i.GPIO_StructInit                        0x0800054c   Section        0  stm32f4xx_gpio.o(i.GPIO_StructInit)
    i.GPIO_WriteBit                          0x0800055e   Section        0  stm32f4xx_gpio.o(i.GPIO_WriteBit)
    i.HardFault_Handler                      0x0800056a   Section        0  stm32f4xx_it.o(i.HardFault_Handler)
    i.Key_Init                               0x08000570   Section        0  key.o(i.Key_Init)
    i.LED_Init                               0x080005a0   Section        0  led.o(i.LED_Init)
    i.Load                                   0x080005dc   Section        0  motor.o(i.Load)
    i.MemManage_Handler                      0x0800068c   Section        0  stm32f4xx_it.o(i.MemManage_Handler)
    i.Motor_Init                             0x08000690   Section        0  motor.o(i.Motor_Init)
    i.NMI_Handler                            0x08000710   Section        0  stm32f4xx_it.o(i.NMI_Handler)
    i.NVIC_Init                              0x08000714   Section        0  misc.o(i.NVIC_Init)
    i.OLED_ClearArea                         0x0800078c   Section        0  oled.o(i.OLED_ClearArea)
    i.OLED_GPIO_Init                         0x08000834   Section        0  oled.o(i.OLED_GPIO_Init)
    i.OLED_I2C_SendByte                      0x08000890   Section        0  oled.o(i.OLED_I2C_SendByte)
    i.OLED_I2C_Start                         0x080008ce   Section        0  oled.o(i.OLED_I2C_Start)
    i.OLED_I2C_Stop                          0x080008ea   Section        0  oled.o(i.OLED_I2C_Stop)
    i.OLED_Init                              0x08000900   Section        0  oled.o(i.OLED_Init)
    i.OLED_Pow                               0x08000992   Section        0  oled.o(i.OLED_Pow)
    i.OLED_SetCursor                         0x080009a6   Section        0  oled.o(i.OLED_SetCursor)
    i.OLED_ShowChar                          0x080009c8   Section        0  oled.o(i.OLED_ShowChar)
    i.OLED_ShowFloatNum                      0x08000a1c   Section        0  oled.o(i.OLED_ShowFloatNum)
    i.OLED_ShowImage                         0x08000b0c   Section        0  oled.o(i.OLED_ShowImage)
    i.OLED_ShowNum                           0x08000c38   Section        0  oled.o(i.OLED_ShowNum)
    i.OLED_ShowString                        0x08000c84   Section        0  oled.o(i.OLED_ShowString)
    i.OLED_Update                            0x08000cb4   Section        0  oled.o(i.OLED_Update)
    i.OLED_W_SCL                             0x08000cdc   Section        0  oled.o(i.OLED_W_SCL)
    i.OLED_W_SDA                             0x08000cf4   Section        0  oled.o(i.OLED_W_SDA)
    i.OLED_WriteCommand                      0x08000d08   Section        0  oled.o(i.OLED_WriteCommand)
    i.OLED_WriteData                         0x08000d28   Section        0  oled.o(i.OLED_WriteData)
    i.PIN_H                                  0x08000d56   Section        0  motor.o(i.PIN_H)
    PIN_H                                    0x08000d57   Thumb Code    16  motor.o(i.PIN_H)
    i.PIN_L                                  0x08000d66   Section        0  motor.o(i.PIN_L)
    PIN_L                                    0x08000d67   Thumb Code    16  motor.o(i.PIN_L)
    i.PWM_Init_TIM9                          0x08000d78   Section        0  pwm.o(i.PWM_Init_TIM9)
    i.PendSV_Handler                         0x08000e40   Section        0  stm32f4xx_it.o(i.PendSV_Handler)
    i.RCC_AHB1PeriphClockCmd                 0x08000e44   Section        0  stm32f4xx_rcc.o(i.RCC_AHB1PeriphClockCmd)
    i.RCC_APB1PeriphClockCmd                 0x08000e64   Section        0  stm32f4xx_rcc.o(i.RCC_APB1PeriphClockCmd)
    i.RCC_APB2PeriphClockCmd                 0x08000e84   Section        0  stm32f4xx_rcc.o(i.RCC_APB2PeriphClockCmd)
    i.Read_Speed                             0x08000ea4   Section        0  encoder.o(i.Read_Speed)
    i.SVC_Handler                            0x08000eec   Section        0  stm32f4xx_it.o(i.SVC_Handler)
    i.SetSysClock                            0x08000ef0   Section        0  system_stm32f4xx.o(i.SetSysClock)
    SetSysClock                              0x08000ef1   Thumb Code   220  system_stm32f4xx.o(i.SetSysClock)
    i.Speed_PID                              0x08000fdc   Section        0  motor.o(i.Speed_PID)
    i.SysTick_CLKSourceConfig                0x08001130   Section        0  misc.o(i.SysTick_CLKSourceConfig)
    i.SysTick_Handler                        0x08001158   Section        0  stm32f4xx_it.o(i.SysTick_Handler)
    i.SystemInit                             0x0800115c   Section        0  system_stm32f4xx.o(i.SystemInit)
    i.TI1_Config                             0x080011c4   Section        0  stm32f4xx_tim.o(i.TI1_Config)
    TI1_Config                               0x080011c5   Thumb Code    58  stm32f4xx_tim.o(i.TI1_Config)
    i.TI2_Config                             0x080011fe   Section        0  stm32f4xx_tim.o(i.TI2_Config)
    TI2_Config                               0x080011ff   Thumb Code    80  stm32f4xx_tim.o(i.TI2_Config)
    i.TI3_Config                             0x0800124e   Section        0  stm32f4xx_tim.o(i.TI3_Config)
    TI3_Config                               0x0800124f   Thumb Code    72  stm32f4xx_tim.o(i.TI3_Config)
    i.TI4_Config                             0x08001296   Section        0  stm32f4xx_tim.o(i.TI4_Config)
    TI4_Config                               0x08001297   Thumb Code    80  stm32f4xx_tim.o(i.TI4_Config)
    i.TIM5_IRQHandler                        0x080012e8   Section        0  encoder.o(i.TIM5_IRQHandler)
    i.TIM6_DAC_IRQHandler                    0x08001304   Section        0  main.o(i.TIM6_DAC_IRQHandler)
    i.TIM6_Init                              0x08001360   Section        0  timer.o(i.TIM6_Init)
    i.TIM8_UP_TIM13_IRQHandler               0x080013c8   Section        0  encoder.o(i.TIM8_UP_TIM13_IRQHandler)
    i.TIM_ARRPreloadConfig                   0x080013e4   Section        0  stm32f4xx_tim.o(i.TIM_ARRPreloadConfig)
    i.TIM_ClearITPendingBit                  0x080013fc   Section        0  stm32f4xx_tim.o(i.TIM_ClearITPendingBit)
    i.TIM_Cmd                                0x08001402   Section        0  stm32f4xx_tim.o(i.TIM_Cmd)
    i.TIM_EncoderInterfaceConfig             0x0800141a   Section        0  stm32f4xx_tim.o(i.TIM_EncoderInterfaceConfig)
    i.TIM_GetCounter                         0x0800145c   Section        0  stm32f4xx_tim.o(i.TIM_GetCounter)
    i.TIM_GetITStatus                        0x08001462   Section        0  stm32f4xx_tim.o(i.TIM_GetITStatus)
    i.TIM_ICInit                             0x08001484   Section        0  stm32f4xx_tim.o(i.TIM_ICInit)
    i.TIM_ICStructInit                       0x080014f2   Section        0  stm32f4xx_tim.o(i.TIM_ICStructInit)
    i.TIM_ITConfig                           0x08001504   Section        0  stm32f4xx_tim.o(i.TIM_ITConfig)
    i.TIM_OC1Init                            0x08001518   Section        0  stm32f4xx_tim.o(i.TIM_OC1Init)
    i.TIM_OC1PreloadConfig                   0x08001594   Section        0  stm32f4xx_tim.o(i.TIM_OC1PreloadConfig)
    i.TIM_OC2Init                            0x080015a8   Section        0  stm32f4xx_tim.o(i.TIM_OC2Init)
    i.TIM_OC2PreloadConfig                   0x0800164c   Section        0  stm32f4xx_tim.o(i.TIM_OC2PreloadConfig)
    i.TIM_OCStructInit                       0x08001666   Section        0  stm32f4xx_tim.o(i.TIM_OCStructInit)
    i.TIM_SetCompare1                        0x0800167a   Section        0  stm32f4xx_tim.o(i.TIM_SetCompare1)
    i.TIM_SetCompare2                        0x0800167e   Section        0  stm32f4xx_tim.o(i.TIM_SetCompare2)
    i.TIM_SetCounter                         0x08001682   Section        0  stm32f4xx_tim.o(i.TIM_SetCounter)
    i.TIM_SetIC1Prescaler                    0x08001686   Section        0  stm32f4xx_tim.o(i.TIM_SetIC1Prescaler)
    i.TIM_SetIC2Prescaler                    0x08001698   Section        0  stm32f4xx_tim.o(i.TIM_SetIC2Prescaler)
    i.TIM_SetIC3Prescaler                    0x080016b2   Section        0  stm32f4xx_tim.o(i.TIM_SetIC3Prescaler)
    i.TIM_SetIC4Prescaler                    0x080016c4   Section        0  stm32f4xx_tim.o(i.TIM_SetIC4Prescaler)
    i.TIM_TimeBaseInit                       0x080016e0   Section        0  stm32f4xx_tim.o(i.TIM_TimeBaseInit)
    i.TIM_TimeBaseStructInit                 0x08001764   Section        0  stm32f4xx_tim.o(i.TIM_TimeBaseStructInit)
    i.UsageFault_Handler                     0x08001776   Section        0  stm32f4xx_it.o(i.UsageFault_Handler)
    i.iabs_int                               0x0800177a   Section        0  motor.o(i.iabs_int)
    iabs_int                                 0x0800177b   Thumb Code    14  motor.o(i.iabs_int)
    i.main                                   0x08001788   Section        0  main.o(i.main)
    x$fpl$basic                              0x08001848   Section       24  basic.o(x$fpl$basic)
    $v0                                      0x08001848   Number         0  basic.o(x$fpl$basic)
    x$fpl$dadd                               0x08001860   Section      336  daddsub_clz.o(x$fpl$dadd)
    $v0                                      0x08001860   Number         0  daddsub_clz.o(x$fpl$dadd)
    _dadd1                                   0x08001871   Thumb Code     0  daddsub_clz.o(x$fpl$dadd)
    x$fpl$dcmpinf                            0x080019b0   Section       24  dcmpi.o(x$fpl$dcmpinf)
    $v0                                      0x080019b0   Number         0  dcmpi.o(x$fpl$dcmpinf)
    x$fpl$dfixu                              0x080019c8   Section       90  dfixu.o(x$fpl$dfixu)
    $v0                                      0x080019c8   Number         0  dfixu.o(x$fpl$dfixu)
    x$fpl$dfltu                              0x08001a22   Section       38  dflt_clz.o(x$fpl$dfltu)
    $v0                                      0x08001a22   Number         0  dflt_clz.o(x$fpl$dfltu)
    x$fpl$dleqf                              0x08001a48   Section      120  dleqf.o(x$fpl$dleqf)
    $v0                                      0x08001a48   Number         0  dleqf.o(x$fpl$dleqf)
    x$fpl$dmul                               0x08001ac0   Section      340  dmul.o(x$fpl$dmul)
    $v0                                      0x08001ac0   Number         0  dmul.o(x$fpl$dmul)
    x$fpl$dnaninf                            0x08001c14   Section      156  dnaninf.o(x$fpl$dnaninf)
    $v0                                      0x08001c14   Number         0  dnaninf.o(x$fpl$dnaninf)
    x$fpl$dretinf                            0x08001cb0   Section       12  dretinf.o(x$fpl$dretinf)
    $v0                                      0x08001cb0   Number         0  dretinf.o(x$fpl$dretinf)
    x$fpl$drleqf                             0x08001cbc   Section      108  drleqf.o(x$fpl$drleqf)
    $v0                                      0x08001cbc   Number         0  drleqf.o(x$fpl$drleqf)
    x$fpl$drsb                               0x08001d28   Section       22  daddsub_clz.o(x$fpl$drsb)
    $v0                                      0x08001d28   Number         0  daddsub_clz.o(x$fpl$drsb)
    x$fpl$dsub                               0x08001d40   Section      468  daddsub_clz.o(x$fpl$dsub)
    $v0                                      0x08001d40   Number         0  daddsub_clz.o(x$fpl$dsub)
    _dsub1                                   0x08001d51   Thumb Code     0  daddsub_clz.o(x$fpl$dsub)
    x$fpl$f2d                                0x08001f14   Section       86  f2d.o(x$fpl$f2d)
    $v0                                      0x08001f14   Number         0  f2d.o(x$fpl$f2d)
    x$fpl$fnaninf                            0x08001f6a   Section      140  fnaninf.o(x$fpl$fnaninf)
    $v0                                      0x08001f6a   Number         0  fnaninf.o(x$fpl$fnaninf)
    x$fpl$fpinit                             0x08001ff6   Section       10  fpinit.o(x$fpl$fpinit)
    $v0                                      0x08001ff6   Number         0  fpinit.o(x$fpl$fpinit)
    .constdata                               0x08002000   Section     2507  oled_data.o(.constdata)
    x$fpl$usenofp                            0x08002000   Section        0  usenofp.o(x$fpl$usenofp)
    .data                                    0x20000000   Section       24  motor.o(.data)
    lasterra                                 0x20000008   Data           2  motor.o(.data)
    suma                                     0x2000000c   Data           4  motor.o(.data)
    lasterrb                                 0x20000010   Data           2  motor.o(.data)
    sumb                                     0x20000014   Data           4  motor.o(.data)
    .data                                    0x20000018   Section       28  main.o(.data)
    .bss                                     0x20000034   Section     1024  oled.o(.bss)
    .bss                                     0x20000434   Section       96  libspace.o(.bss)
    HEAP                                     0x20000498   Section      512  startup_stm32f40_41xxx.o(HEAP)
    Heap_Mem                                 0x20000498   Data         512  startup_stm32f40_41xxx.o(HEAP)
    STACK                                    0x20000698   Section     1024  startup_stm32f40_41xxx.o(STACK)
    Stack_Mem                                0x20000698   Data        1024  startup_stm32f40_41xxx.o(STACK)
    __initial_sp                             0x20000a98   Data           0  startup_stm32f40_41xxx.o(STACK)

    Global Symbols

    Symbol Name                              Value     Ov Type        Size  Object(Section)

    BuildAttributes$$THM_ISAv4$E$P$D$K$B$S$7EM$VFPi3$EXTD16$VFPS$VFMA$PE$A:L22UL41UL21$X:L11$S22US41US21$IEEE1$IW$USESV6$~STKCKD$USESV7$~SHL$OTIME$ROPI$IEEEX$EBA8$UX$STANDARDLIB$REQ8$PRES8$EABIv2 0x00000000   Number         0  anon$$obj.o ABSOLUTE
    __ARM_use_no_argv                        0x00000000   Number         0  main.o ABSOLUTE
    _printf_flags                            0x00000000   Number         0  printf_stubs.o ABSOLUTE
    _printf_return_value                     0x00000000   Number         0  printf_stubs.o ABSOLUTE
    _printf_sizespec                         0x00000000   Number         0  printf_stubs.o ABSOLUTE
    _printf_widthprec                        0x00000000   Number         0  printf_stubs.o ABSOLUTE
    __ARM_exceptions_init                     - Undefined Weak Reference
    __alloca_initialize                       - Undefined Weak Reference
    __arm_fini_                               - Undefined Weak Reference
    __arm_preinit_                            - Undefined Weak Reference
    __cpp_initialize__aeabi_                  - Undefined Weak Reference
    __cxa_finalize                            - Undefined Weak Reference
    __sigvec_lookup                           - Undefined Weak Reference
    _atexit_init                              - Undefined Weak Reference
    _call_atexit_fns                          - Undefined Weak Reference
    _clock_init                               - Undefined Weak Reference
    _fp_trap_init                             - Undefined Weak Reference
    _fp_trap_shutdown                         - Undefined Weak Reference
    _get_lc_collate                           - Undefined Weak Reference
    _get_lc_monetary                          - Undefined Weak Reference
    _get_lc_time                              - Undefined Weak Reference
    _getenv_init                              - Undefined Weak Reference
    _handle_redirection                       - Undefined Weak Reference
    _init_alloc                               - Undefined Weak Reference
    _init_user_alloc                          - Undefined Weak Reference
    _initio                                   - Undefined Weak Reference
    _printf_mbtowc                            - Undefined Weak Reference
    _printf_wc                                - Undefined Weak Reference
    _rand_init                                - Undefined Weak Reference
    _signal_finish                            - Undefined Weak Reference
    _signal_init                              - Undefined Weak Reference
    _terminate_alloc                          - Undefined Weak Reference
    _terminate_user_alloc                     - Undefined Weak Reference
    _terminateio                              - Undefined Weak Reference
    __Vectors_Size                           0x00000188   Number         0  startup_stm32f40_41xxx.o ABSOLUTE
    __Vectors                                0x08000000   Data           4  startup_stm32f40_41xxx.o(RESET)
    __Vectors_End                            0x08000188   Data           0  startup_stm32f40_41xxx.o(RESET)
    __main                                   0x08000189   Thumb Code     8  __main.o(!!!main)
    __scatterload                            0x08000191   Thumb Code     0  __scatter.o(!!!scatter)
    __scatterload_rt2                        0x08000191   Thumb Code    44  __scatter.o(!!!scatter)
    __scatterload_rt2_thumb_only             0x08000191   Thumb Code     0  __scatter.o(!!!scatter)
    __scatterload_null                       0x0800019f   Thumb Code     0  __scatter.o(!!!scatter)
    __scatterload_copy                       0x080001c5   Thumb Code    26  __scatter_copy.o(!!handler_copy)
    __scatterload_zeroinit                   0x080001e1   Thumb Code    28  __scatter_zi.o(!!handler_zi)
    __rt_lib_init                            0x080001fd   Thumb Code     0  libinit.o(.ARM.Collect$$libinit$$00000000)
    __rt_lib_init_fp_1                       0x080001ff   Thumb Code     0  libinit2.o(.ARM.Collect$$libinit$$00000001)
    __rt_lib_init_alloca_1                   0x08000203   Thumb Code     0  libinit2.o(.ARM.Collect$$libinit$$0000002E)
    __rt_lib_init_argv_1                     0x08000203   Thumb Code     0  libinit2.o(.ARM.Collect$$libinit$$0000002C)
    __rt_lib_init_atexit_1                   0x08000203   Thumb Code     0  libinit2.o(.ARM.Collect$$libinit$$0000001B)
    __rt_lib_init_clock_1                    0x08000203   Thumb Code     0  libinit2.o(.ARM.Collect$$libinit$$00000021)
    __rt_lib_init_cpp_1                      0x08000203   Thumb Code     0  libinit2.o(.ARM.Collect$$libinit$$00000032)
    __rt_lib_init_exceptions_1               0x08000203   Thumb Code     0  libinit2.o(.ARM.Collect$$libinit$$00000030)
    __rt_lib_init_fp_trap_1                  0x08000203   Thumb Code     0  libinit2.o(.ARM.Collect$$libinit$$0000001F)
    __rt_lib_init_getenv_1                   0x08000203   Thumb Code     0  libinit2.o(.ARM.Collect$$libinit$$00000023)
    __rt_lib_init_heap_1                     0x08000203   Thumb Code     0  libinit2.o(.ARM.Collect$$libinit$$0000000A)
    __rt_lib_init_lc_collate_1               0x08000203   Thumb Code     0  libinit2.o(.ARM.Collect$$libinit$$00000011)
    __rt_lib_init_lc_ctype_1                 0x08000203   Thumb Code     0  libinit2.o(.ARM.Collect$$libinit$$00000013)
    __rt_lib_init_lc_monetary_1              0x08000203   Thumb Code     0  libinit2.o(.ARM.Collect$$libinit$$00000015)
    __rt_lib_init_lc_numeric_1               0x08000203   Thumb Code     0  libinit2.o(.ARM.Collect$$libinit$$00000017)
    __rt_lib_init_lc_time_1                  0x08000203   Thumb Code     0  libinit2.o(.ARM.Collect$$libinit$$00000019)
    __rt_lib_init_preinit_1                  0x08000203   Thumb Code     0  libinit2.o(.ARM.Collect$$libinit$$00000004)
    __rt_lib_init_rand_1                     0x08000203   Thumb Code     0  libinit2.o(.ARM.Collect$$libinit$$0000000E)
    __rt_lib_init_return                     0x08000203   Thumb Code     0  libinit2.o(.ARM.Collect$$libinit$$00000033)
    __rt_lib_init_signal_1                   0x08000203   Thumb Code     0  libinit2.o(.ARM.Collect$$libinit$$0000001D)
    __rt_lib_init_stdio_1                    0x08000203   Thumb Code     0  libinit2.o(.ARM.Collect$$libinit$$00000025)
    __rt_lib_init_user_alloc_1               0x08000203   Thumb Code     0  libinit2.o(.ARM.Collect$$libinit$$0000000C)
    __rt_lib_shutdown                        0x08000205   Thumb Code     0  libshutdown.o(.ARM.Collect$$libshutdown$$00000000)
    __rt_lib_shutdown_cpp_1                  0x08000207   Thumb Code     0  libshutdown2.o(.ARM.Collect$$libshutdown$$00000004)
    __rt_lib_shutdown_fini_1                 0x08000207   Thumb Code     0  libshutdown2.o(.ARM.Collect$$libshutdown$$00000002)
    __rt_lib_shutdown_fp_trap_1              0x08000207   Thumb Code     0  libshutdown2.o(.ARM.Collect$$libshutdown$$00000009)
    __rt_lib_shutdown_heap_1                 0x08000207   Thumb Code     0  libshutdown2.o(.ARM.Collect$$libshutdown$$00000011)
    __rt_lib_shutdown_return                 0x08000207   Thumb Code     0  libshutdown2.o(.ARM.Collect$$libshutdown$$00000012)
    __rt_lib_shutdown_signal_1               0x08000207   Thumb Code     0  libshutdown2.o(.ARM.Collect$$libshutdown$$0000000C)
    __rt_lib_shutdown_stdio_1                0x08000207   Thumb Code     0  libshutdown2.o(.ARM.Collect$$libshutdown$$00000006)
    __rt_lib_shutdown_user_alloc_1           0x08000207   Thumb Code     0  libshutdown2.o(.ARM.Collect$$libshutdown$$0000000E)
    __rt_entry                               0x08000209   Thumb Code     0  __rtentry.o(.ARM.Collect$$rtentry$$00000000)
    __rt_entry_presh_1                       0x08000209   Thumb Code     0  __rtentry2.o(.ARM.Collect$$rtentry$$00000002)
    __rt_entry_sh                            0x08000209   Thumb Code     0  __rtentry4.o(.ARM.Collect$$rtentry$$00000004)
    __rt_entry_li                            0x0800020f   Thumb Code     0  __rtentry2.o(.ARM.Collect$$rtentry$$0000000A)
    __rt_entry_postsh_1                      0x0800020f   Thumb Code     0  __rtentry2.o(.ARM.Collect$$rtentry$$00000009)
    __rt_entry_main                          0x08000213   Thumb Code     0  __rtentry2.o(.ARM.Collect$$rtentry$$0000000D)
    __rt_entry_postli_1                      0x08000213   Thumb Code     0  __rtentry2.o(.ARM.Collect$$rtentry$$0000000C)
    __rt_exit                                0x0800021b   Thumb Code     0  rtexit.o(.ARM.Collect$$rtexit$$00000000)
    __rt_exit_ls                             0x0800021d   Thumb Code     0  rtexit2.o(.ARM.Collect$$rtexit$$00000003)
    __rt_exit_prels_1                        0x0800021d   Thumb Code     0  rtexit2.o(.ARM.Collect$$rtexit$$00000002)
    __rt_exit_exit                           0x08000221   Thumb Code     0  rtexit2.o(.ARM.Collect$$rtexit$$00000004)
    Reset_Handler                            0x08000229   Thumb Code     8  startup_stm32f40_41xxx.o(.text)
    ADC_IRQHandler                           0x08000243   Thumb Code     0  startup_stm32f40_41xxx.o(.text)
    CAN1_RX0_IRQHandler                      0x08000243   Thumb Code     0  startup_stm32f40_41xxx.o(.text)
    CAN1_RX1_IRQHandler                      0x08000243   Thumb Code     0  startup_stm32f40_41xxx.o(.text)
    CAN1_SCE_IRQHandler                      0x08000243   Thumb Code     0  startup_stm32f40_41xxx.o(.text)
    CAN1_TX_IRQHandler                       0x08000243   Thumb Code     0  startup_stm32f40_41xxx.o(.text)
    CAN2_RX0_IRQHandler                      0x08000243   Thumb Code     0  startup_stm32f40_41xxx.o(.text)
    CAN2_RX1_IRQHandler                      0x08000243   Thumb Code     0  startup_stm32f40_41xxx.o(.text)
    CAN2_SCE_IRQHandler                      0x08000243   Thumb Code     0  startup_stm32f40_41xxx.o(.text)
    CAN2_TX_IRQHandler                       0x08000243   Thumb Code     0  startup_stm32f40_41xxx.o(.text)
    CRYP_IRQHandler                          0x08000243   Thumb Code     0  startup_stm32f40_41xxx.o(.text)
    DCMI_IRQHandler                          0x08000243   Thumb Code     0  startup_stm32f40_41xxx.o(.text)
    DMA1_Stream0_IRQHandler                  0x08000243   Thumb Code     0  startup_stm32f40_41xxx.o(.text)
    DMA1_Stream1_IRQHandler                  0x08000243   Thumb Code     0  startup_stm32f40_41xxx.o(.text)
    DMA1_Stream2_IRQHandler                  0x08000243   Thumb Code     0  startup_stm32f40_41xxx.o(.text)
    DMA1_Stream3_IRQHandler                  0x08000243   Thumb Code     0  startup_stm32f40_41xxx.o(.text)
    DMA1_Stream4_IRQHandler                  0x08000243   Thumb Code     0  startup_stm32f40_41xxx.o(.text)
    DMA1_Stream5_IRQHandler                  0x08000243   Thumb Code     0  startup_stm32f40_41xxx.o(.text)
    DMA1_Stream6_IRQHandler                  0x08000243   Thumb Code     0  startup_stm32f40_41xxx.o(.text)
    DMA1_Stream7_IRQHandler                  0x08000243   Thumb Code     0  startup_stm32f40_41xxx.o(.text)
    DMA2_Stream0_IRQHandler                  0x08000243   Thumb Code     0  startup_stm32f40_41xxx.o(.text)
    DMA2_Stream1_IRQHandler                  0x08000243   Thumb Code     0  startup_stm32f40_41xxx.o(.text)
    DMA2_Stream2_IRQHandler                  0x08000243   Thumb Code     0  startup_stm32f40_41xxx.o(.text)
    DMA2_Stream3_IRQHandler                  0x08000243   Thumb Code     0  startup_stm32f40_41xxx.o(.text)
    DMA2_Stream4_IRQHandler                  0x08000243   Thumb Code     0  startup_stm32f40_41xxx.o(.text)
    DMA2_Stream5_IRQHandler                  0x08000243   Thumb Code     0  startup_stm32f40_41xxx.o(.text)
    DMA2_Stream6_IRQHandler                  0x08000243   Thumb Code     0  startup_stm32f40_41xxx.o(.text)
    DMA2_Stream7_IRQHandler                  0x08000243   Thumb Code     0  startup_stm32f40_41xxx.o(.text)
    ETH_IRQHandler                           0x08000243   Thumb Code     0  startup_stm32f40_41xxx.o(.text)
    ETH_WKUP_IRQHandler                      0x08000243   Thumb Code     0  startup_stm32f40_41xxx.o(.text)
    EXTI0_IRQHandler                         0x08000243   Thumb Code     0  startup_stm32f40_41xxx.o(.text)
    EXTI15_10_IRQHandler                     0x08000243   Thumb Code     0  startup_stm32f40_41xxx.o(.text)
    EXTI1_IRQHandler                         0x08000243   Thumb Code     0  startup_stm32f40_41xxx.o(.text)
    EXTI2_IRQHandler                         0x08000243   Thumb Code     0  startup_stm32f40_41xxx.o(.text)
    EXTI3_IRQHandler                         0x08000243   Thumb Code     0  startup_stm32f40_41xxx.o(.text)
    EXTI4_IRQHandler                         0x08000243   Thumb Code     0  startup_stm32f40_41xxx.o(.text)
    EXTI9_5_IRQHandler                       0x08000243   Thumb Code     0  startup_stm32f40_41xxx.o(.text)
    FLASH_IRQHandler                         0x08000243   Thumb Code     0  startup_stm32f40_41xxx.o(.text)
    FPU_IRQHandler                           0x08000243   Thumb Code     0  startup_stm32f40_41xxx.o(.text)
    FSMC_IRQHandler                          0x08000243   Thumb Code     0  startup_stm32f40_41xxx.o(.text)
    HASH_RNG_IRQHandler                      0x08000243   Thumb Code     0  startup_stm32f40_41xxx.o(.text)
    I2C1_ER_IRQHandler                       0x08000243   Thumb Code     0  startup_stm32f40_41xxx.o(.text)
    I2C1_EV_IRQHandler                       0x08000243   Thumb Code     0  startup_stm32f40_41xxx.o(.text)
    I2C2_ER_IRQHandler                       0x08000243   Thumb Code     0  startup_stm32f40_41xxx.o(.text)
    I2C2_EV_IRQHandler                       0x08000243   Thumb Code     0  startup_stm32f40_41xxx.o(.text)
    I2C3_ER_IRQHandler                       0x08000243   Thumb Code     0  startup_stm32f40_41xxx.o(.text)
    I2C3_EV_IRQHandler                       0x08000243   Thumb Code     0  startup_stm32f40_41xxx.o(.text)
    OTG_FS_IRQHandler                        0x08000243   Thumb Code     0  startup_stm32f40_41xxx.o(.text)
    OTG_FS_WKUP_IRQHandler                   0x08000243   Thumb Code     0  startup_stm32f40_41xxx.o(.text)
    OTG_HS_EP1_IN_IRQHandler                 0x08000243   Thumb Code     0  startup_stm32f40_41xxx.o(.text)
    OTG_HS_EP1_OUT_IRQHandler                0x08000243   Thumb Code     0  startup_stm32f40_41xxx.o(.text)
    OTG_HS_IRQHandler                        0x08000243   Thumb Code     0  startup_stm32f40_41xxx.o(.text)
    OTG_HS_WKUP_IRQHandler                   0x08000243   Thumb Code     0  startup_stm32f40_41xxx.o(.text)
    PVD_IRQHandler                           0x08000243   Thumb Code     0  startup_stm32f40_41xxx.o(.text)
    RCC_IRQHandler                           0x08000243   Thumb Code     0  startup_stm32f40_41xxx.o(.text)
    RTC_Alarm_IRQHandler                     0x08000243   Thumb Code     0  startup_stm32f40_41xxx.o(.text)
    RTC_WKUP_IRQHandler                      0x08000243   Thumb Code     0  startup_stm32f40_41xxx.o(.text)
    SDIO_IRQHandler                          0x08000243   Thumb Code     0  startup_stm32f40_41xxx.o(.text)
    SPI1_IRQHandler                          0x08000243   Thumb Code     0  startup_stm32f40_41xxx.o(.text)
    SPI2_IRQHandler                          0x08000243   Thumb Code     0  startup_stm32f40_41xxx.o(.text)
    SPI3_IRQHandler                          0x08000243   Thumb Code     0  startup_stm32f40_41xxx.o(.text)
    TAMP_STAMP_IRQHandler                    0x08000243   Thumb Code     0  startup_stm32f40_41xxx.o(.text)
    TIM1_BRK_TIM9_IRQHandler                 0x08000243   Thumb Code     0  startup_stm32f40_41xxx.o(.text)
    TIM1_CC_IRQHandler                       0x08000243   Thumb Code     0  startup_stm32f40_41xxx.o(.text)
    TIM1_TRG_COM_TIM11_IRQHandler            0x08000243   Thumb Code     0  startup_stm32f40_41xxx.o(.text)
    TIM1_UP_TIM10_IRQHandler                 0x08000243   Thumb Code     0  startup_stm32f40_41xxx.o(.text)
    TIM2_IRQHandler                          0x08000243   Thumb Code     0  startup_stm32f40_41xxx.o(.text)
    TIM3_IRQHandler                          0x08000243   Thumb Code     0  startup_stm32f40_41xxx.o(.text)
    TIM4_IRQHandler                          0x08000243   Thumb Code     0  startup_stm32f40_41xxx.o(.text)
    TIM7_IRQHandler                          0x08000243   Thumb Code     0  startup_stm32f40_41xxx.o(.text)
    TIM8_BRK_TIM12_IRQHandler                0x08000243   Thumb Code     0  startup_stm32f40_41xxx.o(.text)
    TIM8_CC_IRQHandler                       0x08000243   Thumb Code     0  startup_stm32f40_41xxx.o(.text)
    TIM8_TRG_COM_TIM14_IRQHandler            0x08000243   Thumb Code     0  startup_stm32f40_41xxx.o(.text)
    UART4_IRQHandler                         0x08000243   Thumb Code     0  startup_stm32f40_41xxx.o(.text)
    UART5_IRQHandler                         0x08000243   Thumb Code     0  startup_stm32f40_41xxx.o(.text)
    USART1_IRQHandler                        0x08000243   Thumb Code     0  startup_stm32f40_41xxx.o(.text)
    USART2_IRQHandler                        0x08000243   Thumb Code     0  startup_stm32f40_41xxx.o(.text)
    USART3_IRQHandler                        0x08000243   Thumb Code     0  startup_stm32f40_41xxx.o(.text)
    USART6_IRQHandler                        0x08000243   Thumb Code     0  startup_stm32f40_41xxx.o(.text)
    WWDG_IRQHandler                          0x08000243   Thumb Code     0  startup_stm32f40_41xxx.o(.text)
    __user_initial_stackheap                 0x08000245   Thumb Code     0  startup_stm32f40_41xxx.o(.text)
    __use_two_region_memory                  0x08000269   Thumb Code     2  heapauxi.o(.text)
    __rt_heap_escrow$2region                 0x0800026b   Thumb Code     2  heapauxi.o(.text)
    __rt_heap_expand$2region                 0x0800026d   Thumb Code     2  heapauxi.o(.text)
    __user_libspace                          0x08000271   Thumb Code     8  libspace.o(.text)
    __user_perproc_libspace                  0x08000271   Thumb Code     0  libspace.o(.text)
    __user_perthread_libspace                0x08000271   Thumb Code     0  libspace.o(.text)
    __user_setup_stackheap                   0x08000279   Thumb Code    74  sys_stackheap_outer.o(.text)
    exit                                     0x080002c3   Thumb Code    18  exit.o(.text)
    _sys_exit                                0x080002d5   Thumb Code     8  sys_exit.o(.text)
    __I$use$semihosting                      0x080002e1   Thumb Code     0  use_no_semi.o(.text)
    __use_no_semihosting_swi                 0x080002e1   Thumb Code     2  use_no_semi.o(.text)
    BusFault_Handler                         0x080002e3   Thumb Code     4  stm32f4xx_it.o(i.BusFault_Handler)
    __semihosting_library_function           0x080002e3   Thumb Code     0  indicate_semi.o(.text)
    DebugMon_Handler                         0x080002e7   Thumb Code     2  stm32f4xx_it.o(i.DebugMon_Handler)
    Delay_Init                               0x080002e9   Thumb Code    12  delay.o(i.Delay_Init)
    Encoder_TIM5_Init                        0x080002f5   Thumb Code   178  encoder.o(i.Encoder_TIM5_Init)
    Encoder_TIM8_Init                        0x080003b1   Thumb Code   180  encoder.o(i.Encoder_TIM8_Init)
    GPIO_Init                                0x0800046d   Thumb Code   144  stm32f4xx_gpio.o(i.GPIO_Init)
    GPIO_PinAFConfig                         0x080004fd   Thumb Code    70  stm32f4xx_gpio.o(i.GPIO_PinAFConfig)
    GPIO_ResetBits                           0x08000543   Thumb Code     6  stm32f4xx_gpio.o(i.GPIO_ResetBits)
    GPIO_SetBits                             0x08000549   Thumb Code     4  stm32f4xx_gpio.o(i.GPIO_SetBits)
    GPIO_StructInit                          0x0800054d   Thumb Code    18  stm32f4xx_gpio.o(i.GPIO_StructInit)
    GPIO_WriteBit                            0x0800055f   Thumb Code    12  stm32f4xx_gpio.o(i.GPIO_WriteBit)
    HardFault_Handler                        0x0800056b   Thumb Code     4  stm32f4xx_it.o(i.HardFault_Handler)
    Key_Init                                 0x08000571   Thumb Code    44  key.o(i.Key_Init)
    LED_Init                                 0x080005a1   Thumb Code    54  led.o(i.LED_Init)
    Load                                     0x080005dd   Thumb Code   160  motor.o(i.Load)
    MemManage_Handler                        0x0800068d   Thumb Code     4  stm32f4xx_it.o(i.MemManage_Handler)
    Motor_Init                               0x08000691   Thumb Code   116  motor.o(i.Motor_Init)
    NMI_Handler                              0x08000711   Thumb Code     2  stm32f4xx_it.o(i.NMI_Handler)
    NVIC_Init                                0x08000715   Thumb Code   106  misc.o(i.NVIC_Init)
    OLED_ClearArea                           0x0800078d   Thumb Code   162  oled.o(i.OLED_ClearArea)
    OLED_GPIO_Init                           0x08000835   Thumb Code    88  oled.o(i.OLED_GPIO_Init)
    OLED_I2C_SendByte                        0x08000891   Thumb Code    62  oled.o(i.OLED_I2C_SendByte)
    OLED_I2C_Start                           0x080008cf   Thumb Code    28  oled.o(i.OLED_I2C_Start)
    OLED_I2C_Stop                            0x080008eb   Thumb Code    22  oled.o(i.OLED_I2C_Stop)
    OLED_Init                                0x08000901   Thumb Code   146  oled.o(i.OLED_Init)
    OLED_Pow                                 0x08000993   Thumb Code    20  oled.o(i.OLED_Pow)
    OLED_SetCursor                           0x080009a7   Thumb Code    34  oled.o(i.OLED_SetCursor)
    OLED_ShowChar                            0x080009c9   Thumb Code    74  oled.o(i.OLED_ShowChar)
    OLED_ShowFloatNum                        0x08000a1d   Thumb Code   232  oled.o(i.OLED_ShowFloatNum)
    OLED_ShowImage                           0x08000b0d   Thumb Code   296  oled.o(i.OLED_ShowImage)
    OLED_ShowNum                             0x08000c39   Thumb Code    76  oled.o(i.OLED_ShowNum)
    OLED_ShowString                          0x08000c85   Thumb Code    46  oled.o(i.OLED_ShowString)
    OLED_Update                              0x08000cb5   Thumb Code    36  oled.o(i.OLED_Update)
    OLED_W_SCL                               0x08000cdd   Thumb Code    18  oled.o(i.OLED_W_SCL)
    OLED_W_SDA                               0x08000cf5   Thumb Code    16  oled.o(i.OLED_W_SDA)
    OLED_WriteCommand                        0x08000d09   Thumb Code    32  oled.o(i.OLED_WriteCommand)
    OLED_WriteData                           0x08000d29   Thumb Code    46  oled.o(i.OLED_WriteData)
    PWM_Init_TIM9                            0x08000d79   Thumb Code   192  pwm.o(i.PWM_Init_TIM9)
    PendSV_Handler                           0x08000e41   Thumb Code     2  stm32f4xx_it.o(i.PendSV_Handler)
    RCC_AHB1PeriphClockCmd                   0x08000e45   Thumb Code    26  stm32f4xx_rcc.o(i.RCC_AHB1PeriphClockCmd)
    RCC_APB1PeriphClockCmd                   0x08000e65   Thumb Code    26  stm32f4xx_rcc.o(i.RCC_APB1PeriphClockCmd)
    RCC_APB2PeriphClockCmd                   0x08000e85   Thumb Code    26  stm32f4xx_rcc.o(i.RCC_APB2PeriphClockCmd)
    Read_Speed                               0x08000ea5   Thumb Code    62  encoder.o(i.Read_Speed)
    SVC_Handler                              0x08000eed   Thumb Code     2  stm32f4xx_it.o(i.SVC_Handler)
    Speed_PID                                0x08000fdd   Thumb Code   298  motor.o(i.Speed_PID)
    SysTick_CLKSourceConfig                  0x08001131   Thumb Code    40  misc.o(i.SysTick_CLKSourceConfig)
    SysTick_Handler                          0x08001159   Thumb Code     2  stm32f4xx_it.o(i.SysTick_Handler)
    SystemInit                               0x0800115d   Thumb Code    88  system_stm32f4xx.o(i.SystemInit)
    TIM5_IRQHandler                          0x080012e9   Thumb Code    22  encoder.o(i.TIM5_IRQHandler)
    TIM6_DAC_IRQHandler                      0x08001305   Thumb Code    70  main.o(i.TIM6_DAC_IRQHandler)
    TIM6_Init                                0x08001361   Thumb Code    98  timer.o(i.TIM6_Init)
    TIM8_UP_TIM13_IRQHandler                 0x080013c9   Thumb Code    22  encoder.o(i.TIM8_UP_TIM13_IRQHandler)
    TIM_ARRPreloadConfig                     0x080013e5   Thumb Code    24  stm32f4xx_tim.o(i.TIM_ARRPreloadConfig)
    TIM_ClearITPendingBit                    0x080013fd   Thumb Code     6  stm32f4xx_tim.o(i.TIM_ClearITPendingBit)
    TIM_Cmd                                  0x08001403   Thumb Code    24  stm32f4xx_tim.o(i.TIM_Cmd)
    TIM_EncoderInterfaceConfig               0x0800141b   Thumb Code    66  stm32f4xx_tim.o(i.TIM_EncoderInterfaceConfig)
    TIM_GetCounter                           0x0800145d   Thumb Code     6  stm32f4xx_tim.o(i.TIM_GetCounter)
    TIM_GetITStatus                          0x08001463   Thumb Code    34  stm32f4xx_tim.o(i.TIM_GetITStatus)
    TIM_ICInit                               0x08001485   Thumb Code   110  stm32f4xx_tim.o(i.TIM_ICInit)
    TIM_ICStructInit                         0x080014f3   Thumb Code    18  stm32f4xx_tim.o(i.TIM_ICStructInit)
    TIM_ITConfig                             0x08001505   Thumb Code    18  stm32f4xx_tim.o(i.TIM_ITConfig)
    TIM_OC1Init                              0x08001519   Thumb Code   114  stm32f4xx_tim.o(i.TIM_OC1Init)
    TIM_OC1PreloadConfig                     0x08001595   Thumb Code    18  stm32f4xx_tim.o(i.TIM_OC1PreloadConfig)
    TIM_OC2Init                              0x080015a9   Thumb Code   154  stm32f4xx_tim.o(i.TIM_OC2Init)
    TIM_OC2PreloadConfig                     0x0800164d   Thumb Code    26  stm32f4xx_tim.o(i.TIM_OC2PreloadConfig)
    TIM_OCStructInit                         0x08001667   Thumb Code    20  stm32f4xx_tim.o(i.TIM_OCStructInit)
    TIM_SetCompare1                          0x0800167b   Thumb Code     4  stm32f4xx_tim.o(i.TIM_SetCompare1)
    TIM_SetCompare2                          0x0800167f   Thumb Code     4  stm32f4xx_tim.o(i.TIM_SetCompare2)
    TIM_SetCounter                           0x08001683   Thumb Code     4  stm32f4xx_tim.o(i.TIM_SetCounter)
    TIM_SetIC1Prescaler                      0x08001687   Thumb Code    18  stm32f4xx_tim.o(i.TIM_SetIC1Prescaler)
    TIM_SetIC2Prescaler                      0x08001699   Thumb Code    26  stm32f4xx_tim.o(i.TIM_SetIC2Prescaler)
    TIM_SetIC3Prescaler                      0x080016b3   Thumb Code    18  stm32f4xx_tim.o(i.TIM_SetIC3Prescaler)
    TIM_SetIC4Prescaler                      0x080016c5   Thumb Code    26  stm32f4xx_tim.o(i.TIM_SetIC4Prescaler)
    TIM_TimeBaseInit                         0x080016e1   Thumb Code   104  stm32f4xx_tim.o(i.TIM_TimeBaseInit)
    TIM_TimeBaseStructInit                   0x08001765   Thumb Code    18  stm32f4xx_tim.o(i.TIM_TimeBaseStructInit)
    UsageFault_Handler                       0x08001777   Thumb Code     4  stm32f4xx_it.o(i.UsageFault_Handler)
    main                                     0x08001789   Thumb Code   166  main.o(i.main)
    __aeabi_dneg                             0x08001849   Thumb Code     0  basic.o(x$fpl$basic)
    _dneg                                    0x08001849   Thumb Code     6  basic.o(x$fpl$basic)
    __aeabi_fneg                             0x0800184f   Thumb Code     0  basic.o(x$fpl$basic)
    _fneg                                    0x0800184f   Thumb Code     6  basic.o(x$fpl$basic)
    _dabs                                    0x08001855   Thumb Code     6  basic.o(x$fpl$basic)
    _fabs                                    0x0800185b   Thumb Code     6  basic.o(x$fpl$basic)
    __aeabi_dadd                             0x08001861   Thumb Code     0  daddsub_clz.o(x$fpl$dadd)
    _dadd                                    0x08001861   Thumb Code   332  daddsub_clz.o(x$fpl$dadd)
    __fpl_dcmp_Inf                           0x080019b1   Thumb Code    24  dcmpi.o(x$fpl$dcmpinf)
    __aeabi_d2uiz                            0x080019c9   Thumb Code     0  dfixu.o(x$fpl$dfixu)
    _dfixu                                   0x080019c9   Thumb Code    90  dfixu.o(x$fpl$dfixu)
    __aeabi_ui2d                             0x08001a23   Thumb Code     0  dflt_clz.o(x$fpl$dfltu)
    _dfltu                                   0x08001a23   Thumb Code    38  dflt_clz.o(x$fpl$dfltu)
    __aeabi_cdcmple                          0x08001a49   Thumb Code     0  dleqf.o(x$fpl$dleqf)
    _dcmple                                  0x08001a49   Thumb Code   120  dleqf.o(x$fpl$dleqf)
    __fpl_dcmple_InfNaN                      0x08001aab   Thumb Code     0  dleqf.o(x$fpl$dleqf)
    __aeabi_dmul                             0x08001ac1   Thumb Code     0  dmul.o(x$fpl$dmul)
    _dmul                                    0x08001ac1   Thumb Code   332  dmul.o(x$fpl$dmul)
    __fpl_dnaninf                            0x08001c15   Thumb Code   156  dnaninf.o(x$fpl$dnaninf)
    __fpl_dretinf                            0x08001cb1   Thumb Code    12  dretinf.o(x$fpl$dretinf)
    __aeabi_cdrcmple                         0x08001cbd   Thumb Code     0  drleqf.o(x$fpl$drleqf)
    _drcmple                                 0x08001cbd   Thumb Code   108  drleqf.o(x$fpl$drleqf)
    __aeabi_drsub                            0x08001d29   Thumb Code     0  daddsub_clz.o(x$fpl$drsb)
    _drsb                                    0x08001d29   Thumb Code    22  daddsub_clz.o(x$fpl$drsb)
    __aeabi_dsub                             0x08001d41   Thumb Code     0  daddsub_clz.o(x$fpl$dsub)
    _dsub                                    0x08001d41   Thumb Code   464  daddsub_clz.o(x$fpl$dsub)
    __aeabi_f2d                              0x08001f15   Thumb Code     0  f2d.o(x$fpl$f2d)
    _f2d                                     0x08001f15   Thumb Code    86  f2d.o(x$fpl$f2d)
    __fpl_fnaninf                            0x08001f6b   Thumb Code   140  fnaninf.o(x$fpl$fnaninf)
    _fp_init                                 0x08001ff7   Thumb Code    10  fpinit.o(x$fpl$fpinit)
    __fplib_config_fpu_vfp                   0x08001fff   Thumb Code     0  fpinit.o(x$fpl$fpinit)
    __fplib_config_pureend_doubles           0x08001fff   Thumb Code     0  fpinit.o(x$fpl$fpinit)
    OLED_F8x16                               0x08002000   Data        1520  oled_data.o(.constdata)
    __I$use$fp                               0x08002000   Number         0  usenofp.o(x$fpl$usenofp)
    OLED_F6x8                                0x080025f0   Data         570  oled_data.o(.constdata)
    OLED_CF16x16                             0x0800282a   Data         385  oled_data.o(.constdata)
    Diode                                    0x080029ab   Data          32  oled_data.o(.constdata)
    Region$$Table$$Base                      0x080029cc   Number         0  anon$$obj.o(Region$$Table)
    Region$$Table$$Limit                     0x080029ec   Number         0  anon$$obj.o(Region$$Table)
    outA                                     0x20000000   Data           4  motor.o(.data)
    outB                                     0x20000004   Data           4  motor.o(.data)
    KeyNum                                   0x20000018   Data           1  main.o(.data)
    TargetSpeedA                             0x2000001a   Data           2  main.o(.data)
    TargetSpeedB                             0x2000001c   Data           2  main.o(.data)
    kp                                       0x20000020   Data           4  main.o(.data)
    ki                                       0x20000024   Data           4  main.o(.data)
    kd                                       0x20000028   Data           4  main.o(.data)
    Left_Speed                               0x2000002c   Data           4  main.o(.data)
    Right_Speed                              0x20000030   Data           4  main.o(.data)
    OLED_DisplayBuf                          0x20000034   Data        1024  oled.o(.bss)
    __libspace_start                         0x20000434   Data          96  libspace.o(.bss)
    __temporary_stack_top$libspace           0x20000494   Data           0  libspace.o(.bss)



==============================================================================

Memory Map of the image

  Image Entry point : 0x08000189

  Load Region LR_IROM1 (Base: 0x08000000, Size: 0x00002a20, Max: 0x00100000, ABSOLUTE)

    Execution Region ER_IROM1 (Exec base: 0x08000000, Load base: 0x08000000, Size: 0x000029ec, Max: 0x00100000, ABSOLUTE)

    Exec Addr    Load Addr    Size         Type   Attr      Idx    E Section Name        Object

    0x08000000   0x08000000   0x00000188   Data   RO            3    RESET               startup_stm32f40_41xxx.o
    0x08000188   0x08000188   0x00000008   Code   RO         6101  * !!!main             c_w.l(__main.o)
    0x08000190   0x08000190   0x00000034   Code   RO         6526    !!!scatter          c_w.l(__scatter.o)
    0x080001c4   0x080001c4   0x0000001a   Code   RO         6528    !!handler_copy      c_w.l(__scatter_copy.o)
    0x080001de   0x080001de   0x00000002   PAD
    0x080001e0   0x080001e0   0x0000001c   Code   RO         6530    !!handler_zi        c_w.l(__scatter_zi.o)
    0x080001fc   0x080001fc   0x00000002   Code   RO         6392    .ARM.Collect$$libinit$$00000000  c_w.l(libinit.o)
    0x080001fe   0x080001fe   0x00000004   Code   RO         6400    .ARM.Collect$$libinit$$00000001  c_w.l(libinit2.o)
    0x08000202   0x08000202   0x00000000   Code   RO         6403    .ARM.Collect$$libinit$$00000004  c_w.l(libinit2.o)
    0x08000202   0x08000202   0x00000000   Code   RO         6406    .ARM.Collect$$libinit$$0000000A  c_w.l(libinit2.o)
    0x08000202   0x08000202   0x00000000   Code   RO         6408    .ARM.Collect$$libinit$$0000000C  c_w.l(libinit2.o)
    0x08000202   0x08000202   0x00000000   Code   RO         6410    .ARM.Collect$$libinit$$0000000E  c_w.l(libinit2.o)
    0x08000202   0x08000202   0x00000000   Code   RO         6413    .ARM.Collect$$libinit$$00000011  c_w.l(libinit2.o)
    0x08000202   0x08000202   0x00000000   Code   RO         6415    .ARM.Collect$$libinit$$00000013  c_w.l(libinit2.o)
    0x08000202   0x08000202   0x00000000   Code   RO         6417    .ARM.Collect$$libinit$$00000015  c_w.l(libinit2.o)
    0x08000202   0x08000202   0x00000000   Code   RO         6419    .ARM.Collect$$libinit$$00000017  c_w.l(libinit2.o)
    0x08000202   0x08000202   0x00000000   Code   RO         6421    .ARM.Collect$$libinit$$00000019  c_w.l(libinit2.o)
    0x08000202   0x08000202   0x00000000   Code   RO         6423    .ARM.Collect$$libinit$$0000001B  c_w.l(libinit2.o)
    0x08000202   0x08000202   0x00000000   Code   RO         6425    .ARM.Collect$$libinit$$0000001D  c_w.l(libinit2.o)
    0x08000202   0x08000202   0x00000000   Code   RO         6427    .ARM.Collect$$libinit$$0000001F  c_w.l(libinit2.o)
    0x08000202   0x08000202   0x00000000   Code   RO         6429    .ARM.Collect$$libinit$$00000021  c_w.l(libinit2.o)
    0x08000202   0x08000202   0x00000000   Code   RO         6431    .ARM.Collect$$libinit$$00000023  c_w.l(libinit2.o)
    0x08000202   0x08000202   0x00000000   Code   RO         6433    .ARM.Collect$$libinit$$00000025  c_w.l(libinit2.o)
    0x08000202   0x08000202   0x00000000   Code   RO         6437    .ARM.Collect$$libinit$$0000002C  c_w.l(libinit2.o)
    0x08000202   0x08000202   0x00000000   Code   RO         6439    .ARM.Collect$$libinit$$0000002E  c_w.l(libinit2.o)
    0x08000202   0x08000202   0x00000000   Code   RO         6441    .ARM.Collect$$libinit$$00000030  c_w.l(libinit2.o)
    0x08000202   0x08000202   0x00000000   Code   RO         6443    .ARM.Collect$$libinit$$00000032  c_w.l(libinit2.o)
    0x08000202   0x08000202   0x00000002   Code   RO         6444    .ARM.Collect$$libinit$$00000033  c_w.l(libinit2.o)
    0x08000204   0x08000204   0x00000002   Code   RO         6464    .ARM.Collect$$libshutdown$$00000000  c_w.l(libshutdown.o)
    0x08000206   0x08000206   0x00000000   Code   RO         6477    .ARM.Collect$$libshutdown$$00000002  c_w.l(libshutdown2.o)
    0x08000206   0x08000206   0x00000000   Code   RO         6479    .ARM.Collect$$libshutdown$$00000004  c_w.l(libshutdown2.o)
    0x08000206   0x08000206   0x00000000   Code   RO         6481    .ARM.Collect$$libshutdown$$00000006  c_w.l(libshutdown2.o)
    0x08000206   0x08000206   0x00000000   Code   RO         6484    .ARM.Collect$$libshutdown$$00000009  c_w.l(libshutdown2.o)
    0x08000206   0x08000206   0x00000000   Code   RO         6487    .ARM.Collect$$libshutdown$$0000000C  c_w.l(libshutdown2.o)
    0x08000206   0x08000206   0x00000000   Code   RO         6489    .ARM.Collect$$libshutdown$$0000000E  c_w.l(libshutdown2.o)
    0x08000206   0x08000206   0x00000000   Code   RO         6492    .ARM.Collect$$libshutdown$$00000011  c_w.l(libshutdown2.o)
    0x08000206   0x08000206   0x00000002   Code   RO         6493    .ARM.Collect$$libshutdown$$00000012  c_w.l(libshutdown2.o)
    0x08000208   0x08000208   0x00000000   Code   RO         6151    .ARM.Collect$$rtentry$$00000000  c_w.l(__rtentry.o)
    0x08000208   0x08000208   0x00000000   Code   RO         6302    .ARM.Collect$$rtentry$$00000002  c_w.l(__rtentry2.o)
    0x08000208   0x08000208   0x00000006   Code   RO         6314    .ARM.Collect$$rtentry$$00000004  c_w.l(__rtentry4.o)
    0x0800020e   0x0800020e   0x00000000   Code   RO         6304    .ARM.Collect$$rtentry$$00000009  c_w.l(__rtentry2.o)
    0x0800020e   0x0800020e   0x00000004   Code   RO         6305    .ARM.Collect$$rtentry$$0000000A  c_w.l(__rtentry2.o)
    0x08000212   0x08000212   0x00000000   Code   RO         6307    .ARM.Collect$$rtentry$$0000000C  c_w.l(__rtentry2.o)
    0x08000212   0x08000212   0x00000008   Code   RO         6308    .ARM.Collect$$rtentry$$0000000D  c_w.l(__rtentry2.o)
    0x0800021a   0x0800021a   0x00000002   Code   RO         6395    .ARM.Collect$$rtexit$$00000000  c_w.l(rtexit.o)
    0x0800021c   0x0800021c   0x00000000   Code   RO         6446    .ARM.Collect$$rtexit$$00000002  c_w.l(rtexit2.o)
    0x0800021c   0x0800021c   0x00000004   Code   RO         6447    .ARM.Collect$$rtexit$$00000003  c_w.l(rtexit2.o)
    0x08000220   0x08000220   0x00000006   Code   RO         6448    .ARM.Collect$$rtexit$$00000004  c_w.l(rtexit2.o)
    0x08000226   0x08000226   0x00000002   PAD
    0x08000228   0x08000228   0x00000040   Code   RO            4    .text               startup_stm32f40_41xxx.o
    0x08000268   0x08000268   0x00000006   Code   RO         6099    .text               c_w.l(heapauxi.o)
    0x0800026e   0x0800026e   0x00000002   PAD
    0x08000270   0x08000270   0x00000008   Code   RO         6343    .text               c_w.l(libspace.o)
    0x08000278   0x08000278   0x0000004a   Code   RO         6346    .text               c_w.l(sys_stackheap_outer.o)
    0x080002c2   0x080002c2   0x00000012   Code   RO         6385    .text               c_w.l(exit.o)
    0x080002d4   0x080002d4   0x0000000c   Code   RO         6456    .text               c_w.l(sys_exit.o)
    0x080002e0   0x080002e0   0x00000002   Code   RO         6467    .text               c_w.l(use_no_semi.o)
    0x080002e2   0x080002e2   0x00000000   Code   RO         6469    .text               c_w.l(indicate_semi.o)
    0x080002e2   0x080002e2   0x00000004   Code   RO         5980    i.BusFault_Handler  stm32f4xx_it.o
    0x080002e6   0x080002e6   0x00000002   Code   RO         5981    i.DebugMon_Handler  stm32f4xx_it.o
    0x080002e8   0x080002e8   0x0000000c   Code   RO         5201    i.Delay_Init        delay.o
    0x080002f4   0x080002f4   0x000000bc   Code   RO         5252    i.Encoder_TIM5_Init  encoder.o
    0x080003b0   0x080003b0   0x000000bc   Code   RO         5253    i.Encoder_TIM8_Init  encoder.o
    0x0800046c   0x0800046c   0x00000090   Code   RO         2032    i.GPIO_Init         stm32f4xx_gpio.o
    0x080004fc   0x080004fc   0x00000046   Code   RO         2033    i.GPIO_PinAFConfig  stm32f4xx_gpio.o
    0x08000542   0x08000542   0x00000006   Code   RO         2039    i.GPIO_ResetBits    stm32f4xx_gpio.o
    0x08000548   0x08000548   0x00000004   Code   RO         2040    i.GPIO_SetBits      stm32f4xx_gpio.o
    0x0800054c   0x0800054c   0x00000012   Code   RO         2041    i.GPIO_StructInit   stm32f4xx_gpio.o
    0x0800055e   0x0800055e   0x0000000c   Code   RO         2044    i.GPIO_WriteBit     stm32f4xx_gpio.o
    0x0800056a   0x0800056a   0x00000004   Code   RO         5982    i.HardFault_Handler  stm32f4xx_it.o
    0x0800056e   0x0800056e   0x00000002   PAD
    0x08000570   0x08000570   0x00000030   Code   RO         5304    i.Key_Init          key.o
    0x080005a0   0x080005a0   0x0000003c   Code   RO         5345    i.LED_Init          led.o
    0x080005dc   0x080005dc   0x000000b0   Code   RO         5402    i.Load              motor.o
    0x0800068c   0x0800068c   0x00000004   Code   RO         5983    i.MemManage_Handler  stm32f4xx_it.o
    0x08000690   0x08000690   0x00000080   Code   RO         5403    i.Motor_Init        motor.o
    0x08000710   0x08000710   0x00000002   Code   RO         5984    i.NMI_Handler       stm32f4xx_it.o
    0x08000712   0x08000712   0x00000002   PAD
    0x08000714   0x08000714   0x00000078   Code   RO           13    i.NVIC_Init         misc.o
    0x0800078c   0x0800078c   0x000000a8   Code   RO         5581    i.OLED_ClearArea    oled.o
    0x08000834   0x08000834   0x0000005c   Code   RO         5589    i.OLED_GPIO_Init    oled.o
    0x08000890   0x08000890   0x0000003e   Code   RO         5591    i.OLED_I2C_SendByte  oled.o
    0x080008ce   0x080008ce   0x0000001c   Code   RO         5592    i.OLED_I2C_Start    oled.o
    0x080008ea   0x080008ea   0x00000016   Code   RO         5593    i.OLED_I2C_Stop     oled.o
    0x08000900   0x08000900   0x00000092   Code   RO         5594    i.OLED_Init         oled.o
    0x08000992   0x08000992   0x00000014   Code   RO         5596    i.OLED_Pow          oled.o
    0x080009a6   0x080009a6   0x00000022   Code   RO         5600    i.OLED_SetCursor    oled.o
    0x080009c8   0x080009c8   0x00000054   Code   RO         5602    i.OLED_ShowChar     oled.o
    0x08000a1c   0x08000a1c   0x000000f0   Code   RO         5604    i.OLED_ShowFloatNum  oled.o
    0x08000b0c   0x08000b0c   0x0000012c   Code   RO         5606    i.OLED_ShowImage    oled.o
    0x08000c38   0x08000c38   0x0000004c   Code   RO         5607    i.OLED_ShowNum      oled.o
    0x08000c84   0x08000c84   0x0000002e   Code   RO         5609    i.OLED_ShowString   oled.o
    0x08000cb2   0x08000cb2   0x00000002   PAD
    0x08000cb4   0x08000cb4   0x00000028   Code   RO         5610    i.OLED_Update       oled.o
    0x08000cdc   0x08000cdc   0x00000018   Code   RO         5612    i.OLED_W_SCL        oled.o
    0x08000cf4   0x08000cf4   0x00000014   Code   RO         5613    i.OLED_W_SDA        oled.o
    0x08000d08   0x08000d08   0x00000020   Code   RO         5614    i.OLED_WriteCommand  oled.o
    0x08000d28   0x08000d28   0x0000002e   Code   RO         5615    i.OLED_WriteData    oled.o
    0x08000d56   0x08000d56   0x00000010   Code   RO         5404    i.PIN_H             motor.o
    0x08000d66   0x08000d66   0x00000010   Code   RO         5405    i.PIN_L             motor.o
    0x08000d76   0x08000d76   0x00000002   PAD
    0x08000d78   0x08000d78   0x000000c8   Code   RO         5856    i.PWM_Init_TIM9     pwm.o
    0x08000e40   0x08000e40   0x00000002   Code   RO         5985    i.PendSV_Handler    stm32f4xx_it.o
    0x08000e42   0x08000e42   0x00000002   PAD
    0x08000e44   0x08000e44   0x00000020   Code   RO         2973    i.RCC_AHB1PeriphClockCmd  stm32f4xx_rcc.o
    0x08000e64   0x08000e64   0x00000020   Code   RO         2982    i.RCC_APB1PeriphClockCmd  stm32f4xx_rcc.o
    0x08000e84   0x08000e84   0x00000020   Code   RO         2985    i.RCC_APB2PeriphClockCmd  stm32f4xx_rcc.o
    0x08000ea4   0x08000ea4   0x00000048   Code   RO         5254    i.Read_Speed        encoder.o
    0x08000eec   0x08000eec   0x00000002   Code   RO         5986    i.SVC_Handler       stm32f4xx_it.o
    0x08000eee   0x08000eee   0x00000002   PAD
    0x08000ef0   0x08000ef0   0x000000ec   Code   RO         6055    i.SetSysClock       system_stm32f4xx.o
    0x08000fdc   0x08000fdc   0x00000154   Code   RO         5406    i.Speed_PID         motor.o
    0x08001130   0x08001130   0x00000028   Code   RO           17    i.SysTick_CLKSourceConfig  misc.o
    0x08001158   0x08001158   0x00000002   Code   RO         5987    i.SysTick_Handler   stm32f4xx_it.o
    0x0800115a   0x0800115a   0x00000002   PAD
    0x0800115c   0x0800115c   0x00000068   Code   RO         6057    i.SystemInit        system_stm32f4xx.o
    0x080011c4   0x080011c4   0x0000003a   Code   RO         4368    i.TI1_Config        stm32f4xx_tim.o
    0x080011fe   0x080011fe   0x00000050   Code   RO         4369    i.TI2_Config        stm32f4xx_tim.o
    0x0800124e   0x0800124e   0x00000048   Code   RO         4370    i.TI3_Config        stm32f4xx_tim.o
    0x08001296   0x08001296   0x00000050   Code   RO         4371    i.TI4_Config        stm32f4xx_tim.o
    0x080012e6   0x080012e6   0x00000002   PAD
    0x080012e8   0x080012e8   0x0000001c   Code   RO         5255    i.TIM5_IRQHandler   encoder.o
    0x08001304   0x08001304   0x0000005c   Code   RO         5914    i.TIM6_DAC_IRQHandler  main.o
    0x08001360   0x08001360   0x00000068   Code   RO         5883    i.TIM6_Init         timer.o
    0x080013c8   0x080013c8   0x0000001c   Code   RO         5256    i.TIM8_UP_TIM13_IRQHandler  encoder.o
    0x080013e4   0x080013e4   0x00000018   Code   RO         4372    i.TIM_ARRPreloadConfig  stm32f4xx_tim.o
    0x080013fc   0x080013fc   0x00000006   Code   RO         4379    i.TIM_ClearITPendingBit  stm32f4xx_tim.o
    0x08001402   0x08001402   0x00000018   Code   RO         4384    i.TIM_Cmd           stm32f4xx_tim.o
    0x0800141a   0x0800141a   0x00000042   Code   RO         4393    i.TIM_EncoderInterfaceConfig  stm32f4xx_tim.o
    0x0800145c   0x0800145c   0x00000006   Code   RO         4403    i.TIM_GetCounter    stm32f4xx_tim.o
    0x08001462   0x08001462   0x00000022   Code   RO         4405    i.TIM_GetITStatus   stm32f4xx_tim.o
    0x08001484   0x08001484   0x0000006e   Code   RO         4407    i.TIM_ICInit        stm32f4xx_tim.o
    0x080014f2   0x080014f2   0x00000012   Code   RO         4408    i.TIM_ICStructInit  stm32f4xx_tim.o
    0x08001504   0x08001504   0x00000012   Code   RO         4409    i.TIM_ITConfig      stm32f4xx_tim.o
    0x08001516   0x08001516   0x00000002   PAD
    0x08001518   0x08001518   0x0000007c   Code   RO         4413    i.TIM_OC1Init       stm32f4xx_tim.o
    0x08001594   0x08001594   0x00000012   Code   RO         4416    i.TIM_OC1PreloadConfig  stm32f4xx_tim.o
    0x080015a6   0x080015a6   0x00000002   PAD
    0x080015a8   0x080015a8   0x000000a4   Code   RO         4418    i.TIM_OC2Init       stm32f4xx_tim.o
    0x0800164c   0x0800164c   0x0000001a   Code   RO         4421    i.TIM_OC2PreloadConfig  stm32f4xx_tim.o
    0x08001666   0x08001666   0x00000014   Code   RO         4431    i.TIM_OCStructInit  stm32f4xx_tim.o
    0x0800167a   0x0800167a   0x00000004   Code   RO         4446    i.TIM_SetCompare1   stm32f4xx_tim.o
    0x0800167e   0x0800167e   0x00000004   Code   RO         4447    i.TIM_SetCompare2   stm32f4xx_tim.o
    0x08001682   0x08001682   0x00000004   Code   RO         4450    i.TIM_SetCounter    stm32f4xx_tim.o
    0x08001686   0x08001686   0x00000012   Code   RO         4451    i.TIM_SetIC1Prescaler  stm32f4xx_tim.o
    0x08001698   0x08001698   0x0000001a   Code   RO         4452    i.TIM_SetIC2Prescaler  stm32f4xx_tim.o
    0x080016b2   0x080016b2   0x00000012   Code   RO         4453    i.TIM_SetIC3Prescaler  stm32f4xx_tim.o
    0x080016c4   0x080016c4   0x0000001a   Code   RO         4454    i.TIM_SetIC4Prescaler  stm32f4xx_tim.o
    0x080016de   0x080016de   0x00000002   PAD
    0x080016e0   0x080016e0   0x00000084   Code   RO         4456    i.TIM_TimeBaseInit  stm32f4xx_tim.o
    0x08001764   0x08001764   0x00000012   Code   RO         4457    i.TIM_TimeBaseStructInit  stm32f4xx_tim.o
    0x08001776   0x08001776   0x00000004   Code   RO         5988    i.UsageFault_Handler  stm32f4xx_it.o
    0x0800177a   0x0800177a   0x0000000e   Code   RO         5407    i.iabs_int          motor.o
    0x08001788   0x08001788   0x000000c0   Code   RO         5915    i.main              main.o
    0x08001848   0x08001848   0x00000018   Code   RO         6103    x$fpl$basic         fz_wm.l(basic.o)
    0x08001860   0x08001860   0x00000150   Code   RO         6107    x$fpl$dadd          fz_wm.l(daddsub_clz.o)
    0x080019b0   0x080019b0   0x00000018   Code   RO         6245    x$fpl$dcmpinf       fz_wm.l(dcmpi.o)
    0x080019c8   0x080019c8   0x0000005a   Code   RO         6121    x$fpl$dfixu         fz_wm.l(dfixu.o)
    0x08001a22   0x08001a22   0x00000026   Code   RO         6125    x$fpl$dfltu         fz_wm.l(dflt_clz.o)
    0x08001a48   0x08001a48   0x00000078   Code   RO         6131    x$fpl$dleqf         fz_wm.l(dleqf.o)
    0x08001ac0   0x08001ac0   0x00000154   Code   RO         6133    x$fpl$dmul          fz_wm.l(dmul.o)
    0x08001c14   0x08001c14   0x0000009c   Code   RO         6249    x$fpl$dnaninf       fz_wm.l(dnaninf.o)
    0x08001cb0   0x08001cb0   0x0000000c   Code   RO         6251    x$fpl$dretinf       fz_wm.l(dretinf.o)
    0x08001cbc   0x08001cbc   0x0000006c   Code   RO         6135    x$fpl$drleqf        fz_wm.l(drleqf.o)
    0x08001d28   0x08001d28   0x00000016   Code   RO         6108    x$fpl$drsb          fz_wm.l(daddsub_clz.o)
    0x08001d3e   0x08001d3e   0x00000002   PAD
    0x08001d40   0x08001d40   0x000001d4   Code   RO         6109    x$fpl$dsub          fz_wm.l(daddsub_clz.o)
    0x08001f14   0x08001f14   0x00000056   Code   RO         6137    x$fpl$f2d           fz_wm.l(f2d.o)
    0x08001f6a   0x08001f6a   0x0000008c   Code   RO         6253    x$fpl$fnaninf       fz_wm.l(fnaninf.o)
    0x08001ff6   0x08001ff6   0x0000000a   Code   RO         6454    x$fpl$fpinit        fz_wm.l(fpinit.o)
    0x08002000   0x08002000   0x00000000   Code   RO         6265    x$fpl$usenofp       fz_wm.l(usenofp.o)
    0x08002000   0x08002000   0x000009cb   Data   RO         5841    .constdata          oled_data.o
    0x080029cb   0x080029cb   0x00000001   PAD
    0x080029cc   0x080029cc   0x00000020   Data   RO         6524    Region$$Table       anon$$obj.o


    Execution Region RW_IRAM1 (Exec base: 0x20000000, Load base: 0x080029ec, Size: 0x00000a98, Max: 0x00020000, ABSOLUTE)

    Exec Addr    Load Addr    Size         Type   Attr      Idx    E Section Name        Object

    0x20000000   0x080029ec   0x00000018   Data   RW         5408    .data               motor.o
    0x20000018   0x08002a04   0x0000001c   Data   RW         5917    .data               main.o
    0x20000034        -       0x00000400   Zero   RW         5617    .bss                oled.o
    0x20000434        -       0x00000060   Zero   RW         6344    .bss                c_w.l(libspace.o)
    0x20000494   0x08002a20   0x00000004   PAD
    0x20000498        -       0x00000200   Zero   RW            2    HEAP                startup_stm32f40_41xxx.o
    0x20000698        -       0x00000400   Zero   RW            1    STACK               startup_stm32f40_41xxx.o


==============================================================================

Image component sizes


      Code (inc. data)   RO Data    RW Data    ZI Data      Debug   Object Name

        12          0          0          0          0        461   delay.o
       504         40          0          0          0       2902   encoder.o
        48          4          0          0          0        499   key.o
        60          6          0          0          0        507   led.o
       284         48          0         28          0       1908   main.o
       160         14          0          0          0     271086   misc.o
       690         70          0         24          0       4731   motor.o
      1480         46          0          0       1024      12664   oled.o
         0          0       2507          0          0       1166   oled_data.o
       200          8          0          0          0        768   pwm.o
        64         26        392          0       1536        856   startup_stm32f40_41xxx.o
         0          0          0          0          0       1620   stm32f4xx_adc.o
       254          0          0          0          0      10953   stm32f4xx_gpio.o
        26          0          0          0          0       3954   stm32f4xx_it.o
        96         18          0          0          0       1683   stm32f4xx_rcc.o
      1198         48          0          0          0      36502   stm32f4xx_tim.o
       340         32          0          0          0       1573   system_stm32f4xx.o
       104          6          0          0          0      26743   timer.o

    ----------------------------------------------------------------------
      5542        366       2932         52       2560     380576   Object Totals
         0          0         32          0          0          0   (incl. Generated)
        22          0          1          0          0          0   (incl. Padding)

    ----------------------------------------------------------------------

      Code (inc. data)   RO Data    RW Data    ZI Data      Debug   Library Member Name

         8          0          0          0          0         68   __main.o
         0          0          0          0          0          0   __rtentry.o
        12          0          0          0          0          0   __rtentry2.o
         6          0          0          0          0          0   __rtentry4.o
        52          8          0          0          0          0   __scatter.o
        26          0          0          0          0          0   __scatter_copy.o
        28          0          0          0          0          0   __scatter_zi.o
        18          0          0          0          0         80   exit.o
         6          0          0          0          0        152   heapauxi.o
         0          0          0          0          0          0   indicate_semi.o
         2          0          0          0          0          0   libinit.o
         6          0          0          0          0          0   libinit2.o
         2          0          0          0          0          0   libshutdown.o
         2          0          0          0          0          0   libshutdown2.o
         8          4          0          0         96         68   libspace.o
         2          0          0          0          0          0   rtexit.o
        10          0          0          0          0          0   rtexit2.o
        12          4          0          0          0         68   sys_exit.o
        74          0          0          0          0         80   sys_stackheap_outer.o
         2          0          0          0          0         68   use_no_semi.o
        24          0          0          0          0        164   basic.o
       826         16          0          0          0        492   daddsub_clz.o
        24          0          0          0          0        116   dcmpi.o
        90          4          0          0          0        140   dfixu.o
        38          0          0          0          0        116   dflt_clz.o
       120          4          0          0          0        140   dleqf.o
       340         12          0          0          0        152   dmul.o
       156          4          0          0          0        140   dnaninf.o
        12          0          0          0          0        116   dretinf.o
       108          0          0          0          0        128   drleqf.o
        86          4          0          0          0        132   f2d.o
       140          4          0          0          0        132   fnaninf.o
        10          0          0          0          0        116   fpinit.o
         0          0          0          0          0          0   usenofp.o

    ----------------------------------------------------------------------
      2258         64          0          0        100       2668   Library Totals
         8          0          0          0          4          0   (incl. Padding)

    ----------------------------------------------------------------------

      Code (inc. data)   RO Data    RW Data    ZI Data      Debug   Library Name

       276         16          0          0         96        584   c_w.l
      1974         48          0          0          0       2084   fz_wm.l

    ----------------------------------------------------------------------
      2258         64          0          0        100       2668   Library Totals

    ----------------------------------------------------------------------

==============================================================================


      Code (inc. data)   RO Data    RW Data    ZI Data      Debug   

      7800        430       2932         52       2660     373688   Grand Totals
      7800        430       2932         52       2660     373688   ELF Image Totals
      7800        430       2932         52          0          0   ROM Totals

==============================================================================

    Total RO  Size (Code + RO Data)                10732 (  10.48kB)
    Total RW  Size (RW Data + ZI Data)              2712 (   2.65kB)
    Total ROM Size (Code + RO Data + RW Data)      10784 (  10.53kB)

==============================================================================

